=~=~=~=~=~=~=~=~=~=~=~= PuTTY log 2026.08.28 17:33:59 =~=~=~=~=~=~=~=~=~=~=~=
T,9154,117,1924,55476,1444,32798,1089
T,9155,116,1920,55284,1444,32798,1089
T,9156,117,1924,55476,1444,32798,1091
T,9157,116,1920,55283,1444,32798,1090
T,9158,118,1928,55668,1444,32798,1090
T,9159,116,1920,55283,1444,32798,1090
T,9160,118,1928,55668,1444,32798,1090
T,9161,117,1924,55476,1444,32798,1090
T,9162,117,1924,55477,1444,32798,1089
T,9163,117,1924,55477,1444,32798,1089
T,9164,117,1924,55477,1444,32798,1089
T,9165,117,1924,55477,1444,32798,1089
T,9166,118,1928,55668,1444,32798,1089
T,9167,117,1924,55477,1444,32798,1089
T,9168,118,1928,55670,1444,32798,1089
T,9169,118,1928,55669,1444,32798,1091
T,9170,119,1932,55861,1444,32798,1091
T,9171,113,1908,54707,1444,32798,1089
T,9172,113,1908,54707,1444,32798,1089
T,9173,113,1908,54707,1444,32798,1089
T,9174,114,1912,54898,1444,32798,1091
T,9175,113,1908,54707,1444,32798,1089
T,9176,113,1908,54706,1444,32798,1090
T,9177,114,1912,54898,1444,32798,1090
T,9178,114,1912,54898,1444,32798,1090
T,9179,113,1908,54706,1444,32798,1090
T,9180,114,1912,54898,1444,32798,1090
T,9181,114,1912,54898,1444,32798,1090
T,9182,114,1912,54898,1444,32798,1090
T,9183,114,1912,54899,1444,32798,1089
T,9184,114,1912,54899,1444,32798,1089
T,9185,114,1912,54899,1444,32798,1089
T,9186,115,1916,55091,1444,32798,1089
T,9187,114,1912,54899,1444,32798,1089
T,9188,115,1916,55091,1444,32798,1091
T,9189,114,1912,54898,1444,32798,1091
T,9190,115,1916,55091,1444,32798,1090
T,9191,117,1924,55476,1444,32798,1090
T,9192,115,1916,55092,1444,32798,1090
T,9193,114,1912,54898,1444,32798,1090
T,9194,115,1916,55091,1444,32798,1090
T,9195,115,1916,55091,1444,32798,1089
T,9196,116,1920,55284,1444,32798,1089
T,9197,115,1916,55092,1444,32798,1089
T,9198,115,1916,55092,1444,32798,1089
T,9199,115,1916,55092,1444,32798,1089
T,9200,115,1916,55091,1444,32798,1089
T,9201,114,1912,54900,1444,32798,1089
T,9202,116,1920,55283,1444,32798,1091
T,9203,114,19T,10489,114,1912,54898,1444,32798,1116
T,10490,114,1912,54899,1444,32798,1116
T,10491,114,1912,54898,1444,32798,1116
T,10492,114,1912,54898,1444,32798,1116
T,10493,114,1912,54898,1444,32798,1116
T,10494,114,1912,54899,1444,32798,1116
T,10495,114,1912,54898,1444,32798,1115
T,10496,115,1916,55091,1444,32798,1115
T,10497,115,1916,55091,1444,32798,1117
T,10498,115,1916,55090,1444,32798,1117
T,10499,115,1916,55090,1444,32798,1115
T,10500,115,1916,55091,1444,32798,1117
T,10501,115,1916,55090,1444,32798,1116
T,10502,116,1920,55283,1444,32798,1116
T,10503,115,1916,55091,1444,32798,1116
T,10504,116,1920,55283,1444,32798,1116
T,10505,116,1920,55283,1444,32798,1116
T,10506,116,1920,55283,1444,32798,1116
T,10507,116,1920,55283,1444,32798,1115
T,10508,116,1920,55283,1444,32798,1115
T,10509,116,1920,55283,1444,32798,1115
T,10510,116,1920,55283,1444,32798,1115
T,10511,117,1924,55475,1444,32798,1115
T,10512,117,1924,55475,1444,32798,1117
T,10513,116,1920,55283,1444,32798,1117
T,10514,117,1924,55475,1444,32798,1117
T,10515,116,1920,55284,1444,32798,1117
T,10516,117,1924,55476,1444,32798,1116
T,10517,117,1924,55475,1444,32798,1116
T,10518,118,1928,55667,1444,32798,1116
T,10519,112,1904,54513,1444,32798,1117
T,10520,118,1928,55667,1444,32798,1116
T,10521,114,1912,54898,1444,32798,1117
T,10522,114,1912,54900,1444,32798,1116
T,10523,113,1908,54706,1444,32798,1116
T,10524,114,1912,54898,1444,32798,1116
T,10525,114,1912,54898,1444,32798,1116
T,10526,114,1912,54898,1444,32798,1115
T,10527,114,1912,54898,1444,32798,1115
T,10528,115,1916,55091,1444,32798,1115
T,10529,114,1912,54899,1444,32798,1115
T,10530,115,1916,55091,1444,32798,1115
T,10531,115,1916,55091,1444,32798,1117
T,10532,115,1916,55091,1444,32798,1117
T,10533,115,1916,55090,1444,32798,1116
T,10534,115,1916,55092,1444,32798,1116
T,10535,115,1916,55090,1444,32798,1116
T,10536,116,1920,55283,1444,32798,1116
T,10537,116,1920,55283,1444,32798,1116
T,10538,116,1920,55283,1444,32798,1116
T,10539,116,1920,55283,1444,32798,1115
T,10540,117,1924,55475,1444,32798,1115
T,10541,116,1920,55283,1444,32798,1115
T,10542,117,1924,55477,1444,32798,1115
T,10543,117,1924,55475,1444,32798,1117
T,10544,117,1924,55476,1444,32798,1117
T,10545,117,1924,55475,1444,32798,1117
T,10546,117,1924,55475,1444,32798,1117
T,10547,117,1924,55475,1444,32798,1117
T,10548,118,1928,55668,1444,32798,1116
T,10549,112,1904,54513,1444,32798,1117
T,10550,117,1924,55476,1444,32798,1116
T,10551,117,1924,55476,1444,32798,1116
T,10552,118,1928,55668,1444,32798,1115
T,10553,113,1908,54706,1444,32798,1117
T,10554,114,1912,54898,1444,32798,1116
T,10555,113,1908,54706,1444,32798,1116
T,10556,114,1912,54898,1444,32798,1116
T,10557,114,1912,54898,1444,32798,1116
T,10558,114,1912,54898,1444,32798,1115
T,10559,114,1912,54898,1444,32798,1115
T,10560,116,1920,55283,1444,32798,1115
T,10561,116,1920,55284,1444,32798,1115
T,10562,116,1920,55283,1444,32798,1117
T,10563,116,1920,55284,1444,32798,1115
T,10564,117,1924,55476,1444,32798,1116
T,10565,117,1924,55475,1444,32798,1117
T,10566,118,1928,55667,1444,32798,1116
T,10567,112,1904,54513,1444,32798,1117
T,10568,119,1932,55860,1444,32798,1116
T,10569,113,1908,54707,1444,32798,1117
T,10570,114,1912,54898,1444,32798,1117
T,10571,113,1908,54706,1444,32798,1117
T,10572,114,1912,54898,1444,32798,1116
T,10573,115,1916,55090,1444,32798,1116
T,10574,115,1916,55091,1444,32798,1116
T,10575,114,1912,54898,1444,32798,1116
T,10576,115,1916,55091,1444,32798,1116
T,10577,115,1916,55090,1444,32798,1115
T,10578,116,1920,55283,1444,32798,1115
T,10579,115,1916,55091,1444,32798,1115
T,10580,116,1920,55283,1444,32798,1117
T,10581,116,1920,55283,1444,32798,1115
T,10582,117,1924,55477,1444,32798,1117
T,10583,116,1920,55283,1444,32798,1117
T,10584,117,1924,55475,1444,32798,1117
T,10585,117,1924,55476,1444,32798,1116
T,10586,118,1928,55667,1444,32798,1116
T,10587,112,1904,54514,1444,32798,1117
T,10588,119,1932,55860,1444,32798,1116
T,10589,113,1908,54706,1444,32798,1117
T,10590,114,1912,54898,1444,32798,1116
T,10591,114,1912,54898,1444,32798,1116
T,10592,115,1916,55090,1444,32798,1116
T,10593,115,1916,55091,1444,32798,1116
T,10594,115,1916,55091,1444,32798,1116
T,10595,115,1916,55091,1444,32798,1116
T,10596,116,1920,55283,1444,32798,1116
T,10597,116,1920,55283,1444,32798,1115
T,10598,116,1920,55283,1444,32798,1115
T,10599,117,1924,55475,1444,32798,1117
T,10600,117,1924,55476,1444,32798,1117
T,10601,117,1924,55475,1444,32798,1117
T,10602,117,1924,55475,1444,32798,1117
T,10603,117,1924,55477,1444,32798,1116
T,10604,118,1928,55667,1444,32798,1116
T,10605,112,1904,54513,1444,32798,1117
T,10606,120,1936,56052,1444,32798,1116
T,10607,113,1908,54706,1444,32798,1117
T,10608,114,1912,54898,1444,32798,1117
T,10609,114,1912,54900,1444,32798,1117
T,10610,114,1912,54898,1444,32798,1117
T,10611,114,1912,54898,1444,32798,1117
T,10612,114,1912,54900,1444,32798,1116
T,10613,115,1916,55090,1444,32798,1116
T,10614,115,1916,55090,1444,32798,1116
T,10615,115,1916,55090,1444,32798,1116
T,10616,115,1916,55091,1444,32798,1115
T,10617,115,1916,55090,1444,32798,1115
T,10618,115,1916,55091,1444,32798,1117
T,10619,116,1920,55283,1444,32798,1115
T,10620,115,1916,55091,1444,32798,1117
T,10621,116,1920,55283,1444,32798,1117
T,10622,115,1916,55090,1444,32798,1117
T,10623,116,1920,55283,1444,32798,1116
T,10624,116,1920,55283,1444,32798,1116
T,10625,116,1920,55284,1444,32798,1116
T,10626,117,1924,55475,1444,32798,1116
T,10627,117,1924,55476,1444,32798,1116
T,10628,118,1928,55667,1444,32798,1116
T,10629,113,1908,54705,1444,32798,1116
T,10630,113,1908,54706,1444,32798,1116
T,10631,113,1908,54706,1444,32798,1116
T,10632,114,1912,54898,1444,32798,1116
T,10633,114,1912,54898,1444,32798,1116
T,10634,114,1912,54898,1444,32798,1115
T,10635,114,1912,54899,1444,32798,1115
T,10636,115,1916,55091,1444,32798,1115
T,10637,115,1916,55090,1444,32798,1115
T,10638,116,1920,55283,1444,32798,1117
T,10639,116,1920,55283,1444,32798,1117
T,10640,116,1920,55283,1444,32798,1117
T,10641,116,1920,55283,1444,32798,1117
T,10642,117,1924,55475,1444,32798,1116
T,10643,118,1928,55667,1444,32798,1116
T,10644,112,1904,54514,1444,32798,1115
T,10645,117,1924,55475,1444,32798,1116
T,10646,118,1928,55668,1444,32798,1116
T,10647,112,1904,54513,1444,32798,1117
T,10648,118,1928,55668,1444,32798,1115
T,10649,113,1908,54706,1444,32798,1116
T,10650,113,1908,54706,1444,32798,1116
T,10651,112,1904,54514,1444,32798,1116
T,10652,118,1928,55668,1444,32798,1117
T,10653,112,1904,54514,1444,32798,1116
T,10654,118,1928,55668,1444,32798,1116
T,10655,112,1904,54513,1444,32798,1115
T,10656,119,1932,55860,1444,32798,1116
T,10657,114,1912,54898,1444,32798,1117
T,10658,114,1912,54900,1444,32798,1117
T,10659,114,1912,54898,1444,32798,1117
T,10660,115,1916,55091,1444,32798,1117
T,10661,114,1912,54899,1444,32798,1116
T,10662,115,1916,55090,1444,32798,1116
T,10663,115,1916,55092,1444,32798,1116
T,10664,115,1916,55091,1444,32798,1116
T,10665,116,1920,55283,1444,32798,1116
T,10666,116,1920,55283,1444,32798,1115
T,10667,115,1916,55090,1444,32798,1115
T,10668,116,1920,55283,1444,32798,1115
T,10669,115,1916,55091,1444,32798,1117
T,10670,116,1920,55283,1444,32798,1117
T,10671,116,1920,55284,1444,32798,1117
T,10672,116,1920,55283,1444,32798,1117
T,10673,115,1916,55091,1444,32798,1117
T,10674,116,1920,55283,1444,32798,1116
T,10675,115,1916,55091,1444,32798,1116
T,10676,117,1924,55476,1444,32798,1116
T,10677,116,1920,55283,1444,32798,1116
T,10678,116,1920,55284,1444,32798,1116
T,10679,116,1920,55283,1444,32798,1116
T,10680,117,1924,55475,1444,32798,1115
T,10681,116,1920,55283,1444,32798,1115
T,10682,116,1920,55283,1444,32798,1117
T,10683,116,1920,55283,1444,32798,1117
T,10684,116,1920,55283,1444,32798,1117
T,10685,116,1920,55283,1444,32798,1117
T,10686,116,1920,55283,1444,32798,1117
T,10687,115,1916,55091,1444,32798,1116
T,10688,116,1920,55283,1444,32798,1116
T,10689,116,1920,55283,1444,32798,1116
T,10690,117,1924,55475,1444,32798,1116
T,10691,116,1920,55283,1444,32798,1116
T,10692,116,1920,55283,1444,32798,1115
T,10693,116,1920,55283,1444,32798,1115
T,10694,117,1924,55476,1444,32798,1115
T,10695,117,1924,55475,1444,32798,1117
T,10696,117,1924,55475,1444,32798,1117
T,10697,117,1924,55476,1444,32798,1117
T,10698,117,1924,55475,1444,32798,1117
T,10699,117,1924,55475,1444,32798,1117
T,10700,118,1928,55667,1444,32798,1116
T,10701,112,1904,54513,1444,32798,1115
T,10702,118,1928,55668,1444,32798,1116
T,10703,112,1904,54513,1444,32798,1117
T,10704,118,1928,55668,1444,32798,1116
T,10705,113,1908,54706,1444,32798,1117
T,10706,113,1908,54707,1444,32798,1116
T,10707,113,1908,54706,1444,32798,1116
T,10708,113,1908,54706,1444,32798,1116
T,10709,113,1908,54706,1444,32798,1116
T,10710,114,1912,54898,1444,32798,1116
T,10711,114,1912,54898,1444,32798,1115
T,10712,114,1912,54898,1444,32798,1115
T,10713,115,1916,55090,1444,32798,1115
T,10714,115,1916,55091,1444,32798,1115
T,10715,115,1916,55092,1444,32798,1117
T,10716,116,1920,55283,1444,32798,1117
T,10717,115,1916,55091,1444,32798,1117
T,10718,116,1920,55283,1444,32798,1117
T,10719,115,1916,55090,1444,32798,1116
T,10720,116,1920,55283,1444,32798,1116
T,10721,116,1920,55283,1444,32798,1116
T,10722,116,1920,55283,1444,32798,1116
T,10723,116,1920,55283,1444,32798,1116
T,10724,117,1924,55475,1444,32798,1115
T,10725,116,1920,55283,1444,32798,1115
T,10726,117,1924,55476,1444,32798,1115
T,10727,117,1924,55475,1444,32798,1117
T,10728,117,1924,55475,1444,32798,1117
T,10729,116,1920,55283,1444,32798,1117
T,10730,118,1928,55668,1444,32798,1117
T,10731,111,1900,54321,1444,32798,1115
T,10732,118,1928,55667,1444,32798,1116
T,10733,112,1904,54514,1444,32798,1117
T,10734,118,1928,55667,1444,32798,1116
T,10735,112,1904,54514,1444,32798,1117
T,10736,119,1932,55860,1444,32798,1116
T,10737,113,1908,54706,1444,32798,1117
T,10738,114,1912,54898,1444,32798,1116
T,10739,113,1908,54706,1444,32798,1117
T,10740,113,1908,54706,1444,32798,1116
T,10741,114,1912,54898,1444,32798,1116
T,10742,114,1912,54898,1444,32798,1116
T,10743,114,1912,54898,1444,32798,1115
T,10744,114,1912,54899,1444,32798,1115
T,10745,114,1912,54899,1444,32798,1115
T,10746,114,1912,54899,1444,32798,1117
T,10747,115,1916,55090,1444,32798,1117
T,10748,114,1912,54898,1444,32798,1117
T,10749,124,1952,56822,1444,32798,1117
T,10750,117,1924,55475,1444,32798,1116
T,10751,111,1900,54321,1444,32798,1116
T,10752,118,1928,55668,1444,32798,1115
T,10753,110,1896,54129,1444,32798,1115
T,10754,112,1904,54514,1444,32798,1117
T,10755,116,1920,55284,1444,32798,1116
T,10756,117,1924,55475,1444,32798,1115
T,10757,116,1920,55283,1444,32798,1115
T,10758,118,1928,55667,1444,32798,1115
T,10759,112,1904,54514,1444,32798,1116
T,10760,118,1928,55668,1444,32798,1117
T,10761,112,1904,54513,1444,32798,1116
T1 PASS: sensor ACK at 0x52
MY_TOF: init OK (8x8 @ 15 Hz)
CLK,84000000
H,frame,rd_calls,rd_bytes,rd_us,max_bytes,max_us,uart_us
T,1,545,3636,137824,1444,32798,0
T,2,118,1928,55668,1444,32798,957
T,3,117,1924,55477,1444,32798,984
T,4,117,1924,55477,1444,32798,984
T,5,117,1924,55477,1444,32798,984
T,6,118,1928,55669,1444,32798,983
T,7,117,1924,55477,1444,32798,983
T,8,117,1924,55477,1444,32798,983
T,9,117,1924,55478,1444,32798,983
T,10,118,1928,55669,1444,32798,983
T,11,117,1924,55477,1444,32798,1010
T,12,118,1928,55669,1444,32798,1037
T,13,118,1928,55669,1444,32798,1037
T,14,118,1928,55668,1444,32798,1036
T,15,117,1924,55476,1444,32798,1036
T,16,117,1924,55476,1444,32798,1036
T,17,118,1928,55668,1444,32798,1036
T,18,118,1928,55669,1444,32798,1036
T,19,118,1928,55668,1444,32798,1036
T,20,118,1928,55668,1444,32798,1038
T,21,118,1928,55668,1444,32798,1038
T,22,119,1932,55860,1444,32798,1037
T,23,114,1912,54898,1444,32798,1036
T,24,115,1916,55091,1444,32798,1036
T,25,114,1912,54898,1444,32798,1036
T,26,114,1912,54898,1444,32798,1038
T,27,115,1916,55090,1444,32798,1037
T,28,115,1916,55090,1444,32798,1037
T,29,114,1912,54899,1444,32798,1037
T,30,115,1916,55090,1444,32798,1037
T,31,114,1912,54898,1444,32798,1037
T,32,116,1920,55284,1444,32798,1037
T,33,115,1916,55091,1444,32798,1037
T,34,116,1920,55284,1444,32798,1037
T,35,115,1916,55091,1444,32798,1036
T,36,116,1920,55284,1444,32798,1036
T,37,115,1916,55091,1444,32798,1036
T,38,116,1920,55284,1444,32798,1036
T,39,115,1916,55091,1444,32798,1038
T,40,116,1920,55284,1444,32798,1036
T,41,115,1916,55090,1444,32798,1038
T,42,116,1920,55284,1444,32798,1037
T,43,115,1916,55090,1444,32798,1037
T,44,116,1920,55282,1444,32798,1037
T,45,116,1920,55284,1444,32798,1037
T,46,117,1924,55477,1444,32798,1037
T,47,116,1920,55284,1444,32798,1037
T,48,117,1924,55476,1444,32798,1036
T,49,116,1920,55284,1444,32798,1036
T,50,117,1924,55477,1444,32798,1036
T,51,117,1924,55476,1444,32798,1036
T,52,117,1924,55475,1444,32798,1038
T,53,117,1924,55476,1444,32798,1038
T,54,118,1928,55668,1444,32798,1038
T,55,117,1924,55477,1444,32798,1037
T,56,117,1924,55477,1444,32798,1037
T,57,117,1924,55477,1444,32798,1037
T,58,117,1924,55477,1444,32798,1037
T,59,117,1924,55477,1444,32798,1037
T,60,118,1928,55670,1444,32798,1037
T,61,117,1924,55477,1444,32798,1036
T,62,119,1932,55861,1444,32798,1036
T,63,113,1908,54705,1444,32798,1037
T,64,118,1928,55668,1444,32798,1036
T,65,118,1928,55669,1444,32798,1036
T,66,119,1932,55860,1444,32798,1038
T,67,113,1908,54706,1444,32798,1037
T,68,119,1932,55860,1444,32798,1037
T,69,113,1908,54706,1444,32798,1036
T,70,119,1932,55861,1444,32798,1037
T,71,113,1908,54706,1444,32798,1036
T,72,119,1932,55861,1444,32798,1036
T,73,113,1908,54706,1444,32798,1037
T,74,120,1936,56053,1444,32798,1036
T,75,113,1908,54706,1444,32798,1037
T,76,118,1928,55669,1444,32798,1036
T,77,118,1928,55668,1444,32798,1036
T,78,119,1932,55861,1444,32798,1036
T,79,113,1908,54707,1444,32798,1037
T,80,119,1932,55861,1444,32798,1038
T,81,114,1912,54899,1444,32798,1036
T,82,115,1916,55091,1444,32798,1036
T,83,115,1916,55091,1444,32798,1036
T,84,115,1916,55091,1444,32798,1038
T,85,114,1912,54898,1444,32798,1038
T,86,115,1916,55091,1444,32798,1038
T,87,115,1916,55093,1444,32798,1037
T,88,115,1916,55090,1444,32798,1037
T,89,114,1912,54898,1444,32798,1037
T,90,115,1916,55090,1444,32798,1037
T,91,115,1916,55091,1444,32798,1037
T,92,116,1920,55284,1444,32798,1036
T,93,115,1916,55091,1444,32798,1036
T,94,115,1916,55091,1444,32798,1036
T,95,116,1920,55283,1444,32798,1036
T,96,116,1920,55284,1444,32798,1036
T,97,116,1920,55283,1444,32798,1038
T,98,116,1920,55283,1444,32798,1038
T,99,115,1916,55090,1444,32798,1037
T,100,116,1920,55283,1444,32798,1037
T,101,115,1916,55093,1444,32798,1063
T,102,116,1920,55285,1444,32798,1062
T,103,115,1916,55091,1444,32798,1062
T,104,116,1920,55284,1444,32798,1062
T,105,116,1920,55284,1444,32798,1062
T,106,116,1920,55284,1444,32798,1064
T,107,116,1920,55284,1444,32798,1064
T,108,117,1924,55477,1444,32798,1064
T,109,116,1920,55284,1444,32798,1064
T,110,116,1920,55284,1444,32798,1064
T,111,116,1920,55285,1444,32798,1064
T,112,116,1920,55283,1444,32798,1063
T,113,116,1920,55285,1444,32798,1063
T,114,117,1924,55477,1444,32798,1063
T,115,116,1920,55284,1444,32798,1063
T,116,117,1924,55477,1444,32798,1062
T,117,116,1920,55284,1444,32798,1062
T,118,116,1920,55284,1444,32798,1062
T,119,116,1920,55285,1444,32798,1062
T,120,116,1920,55284,1444,32798,1064
T,121,117,1924,55476,1444,32798,1064
T,122,117,1924,55476,1444,32798,1064
T,123,117,1924,55476,1444,32798,1064
T,124,118,1928,55670,1444,32798,1063
T,125,117,1924,55476,1444,32798,1063
T,126,119,1932,55860,1444,32798,1063
T,127,113,1908,54707,1444,32798,1064
T,128,118,1928,55669,1444,32798,1063
T,129,118,1928,55668,1444,32798,1063
T,130,119,1932,55860,1444,32798,1063
T,131,113,1908,54707,1444,32798,1063
T,132,119,1932,55861,1444,32798,1062
T,133,113,1908,54707,1444,32798,1063
T,134,119,1932,55860,1444,32798,1064
T,135,113,1908,54706,1444,32798,1062
T,136,119,1932,55860,1444,32798,1064
T,137,114,1912,54900,1444,32798,1062
T,138,114,1912,54900,1444,32798,1064
T,139,113,1908,54707,1444,32798,1064
T,140,120,1936,56053,1444,32798,1063
T,141,114,1912,54900,1444,32798,1064
T,142,114,1912,54900,1444,32798,1063
T,143,114,1912,54900,1444,32798,1063
T,144,115,1916,55091,1444,32798,1063
T,145,114,1912,54900,1444,32798,1063
T,146,115,1916,55091,1444,32798,1063
T,147,115,1916,55091,1444,32798,1063
T,148,115,1916,55091,1444,32798,1063
T,149,114,1912,54900,1444,32798,1062
T,150,115,1916,55093,1444,32798,1062
T,151,115,1916,55093,1444,32798,1062
T,152,116,1920,55283,1444,32798,1064
T,153,116,1920,55285,1444,32798,1064
T,154,116,1920,55284,1444,32798,1064
T,155,116,1920,55285,1444,32798,1064
T,156,116,1920,55284,1444,32798,1063
T,157,116,1920,55284,1444,32798,1063
T,158,116,1920,55283,1444,32798,1063
T,159,116,1920,55285,1444,32798,1063
T,160,117,1924,55477,1444,32798,1063
T,161,117,1924,55477,1444,32798,1063
T,162,117,1924,55477,1444,32798,1062
T,163,116,1920,55284,1444,32798,1062
T,164,119,1932,55860,1444,32798,1064
T,165,113,1908,54707,1444,32798,1063
T,166,118,1928,55668,1444,32798,1064
T,167,117,1924,55477,1444,32798,1064
T,168,118,1928,55670,1444,32798,1064
T,169,117,1924,55477,1444,32798,1063
T,170,118,1928,55669,1444,32798,1063
T,171,117,1924,55476,1444,32798,1063
T,172,118,1928,55669,1444,32798,1063
T,173,118,1928,55668,1444,32798,1063
T,174,118,1928,55669,1444,32798,1063
T,175,118,1928,55669,1444,32798,1062
T,176,118,1928,55668,1444,32798,1062
T,177,118,1928,55669,1444,32798,1062
T,178,119,1932,55860,1444,32798,1062
T,179,113,1908,54707,1444,32798,1063
T,180,118,1928,55668,1444,32798,1064
T,181,118,1928,55668,1444,32798,1063
T,182,118,1928,55669,1444,32798,1063
T,183,118,1928,55668,1444,32798,1063
T,184,119,1932,55861,1444,32798,1063
T,185,114,1912,54900,1444,32798,1064
T,186,114,1912,54899,1444,32798,1064
T,187,114,1912,54900,1444,32798,1063
T,188,114,1912,54900,1444,32798,1063
T,189,114,1912,54900,1444,32798,1063
T,190,114,1912,54900,1444,32798,1063
T,191,114,1912,54899,1444,32798,1063
T,192,115,1916,55091,1444,32798,1063
T,193,114,1912,54901,1444,32798,1063
T,194,115,1916,55093,1444,32798,1062
T,195,114,1912,54899,1444,32798,1062
T,196,115,1916,55091,1444,32798,1064
T,197,114,1912,54899,1444,32798,1064
T,198,115,1916,55093,1444,32798,1064
T,199,115,1916,55093,1444,32798,1064
T,200,115,1916,55091,1444,32798,1063
T,201,115,1916,55092,1444,32798,1063
T,202,115,1916,55091,1444,32798,1063
T,203,115,1916,55091,1444,32798,1063
T,204,115,1916,55092,1444,32798,1063
T,205,116,1920,55284,1444,32798,1063
T,206,116,1920,55284,1444,32798,1062
T,207,115,1916,55092,1444,32798,1062
T,208,116,1920,55283,1444,32798,1062
T,209,115,1916,55092,1444,32798,1062
T,210,116,1920,55284,1444,32798,1062
T,211,116,1920,55283,1444,32798,1064
T,212,117,1924,55476,1444,32798,1064
T,213,115,1916,55092,1444,32798,1064
T,214,116,1920,55284,1444,32798,1063
T,215,115,1916,55092,1444,32798,1063
T,216,117,1924,55477,1444,32798,1063
T,217,116,1920,55284,1444,32798,1063
T,218,117,1924,55476,1444,32798,1063
T,219,117,1924,55477,1444,32798,1062
T,220,117,1924,55476,1444,32798,1062
T,221,117,1924,55477,1444,32798,1062
T,222,117,1924,55477,1444,32798,1062
T,223,116,1920,55284,1444,32798,1064
T,224,117,1924,55477,1444,32798,1064
T,225,117,1924,55476,1444,32798,1063
T,226,117,1924,55477,1444,32798,1064
T,227,117,1924,55477,1444,32798,1064
T,228,117,1924,55476,1444,32798,1063
T,229,117,1924,55477,1444,32798,1063
T,230,118,1928,55668,1444,32798,1063
T,231,117,1924,55476,1444,32798,1063
T,232,117,1924,55476,1444,32798,1062
T,233,117,1924,55477,1444,32798,1062
T,234,117,1924,55476,1444,32798,1062
T,235,116,1920,55283,1444,32798,1064
T,236,119,1932,55860,1444,32798,1062
T,237,112,1904,54515,1444,32798,1063
T,238,118,1928,55668,1444,32798,1064
T,239,118,1928,55668,1444,32798,1064
T,240,118,1928,55670,1444,32798,1063
T,241,119,1932,55860,1444,32798,1063
T,242,113,1908,54707,1444,32798,1062
T,243,119,1932,55861,1444,32798,1063
T,244,114,1912,54899,1444,32798,1064
T,245,114,1912,54900,1444,32798,1063
T,246,114,1912,54900,1444,32798,1063
T,247,114,1912,54900,1444,32798,1063
T,248,114,1912,54900,1444,32798,1063
T,249,113,1908,54707,1444,32798,1063
T,250,119,1932,55860,1444,32798,1064
T,251,114,1912,54899,1444,32798,1062
T,252,115,1916,55091,1444,32798,1062
T,253,114,1912,54900,1444,32798,1062
T,254,116,1920,55284,1444,32798,1064
T,255,115,1916,55092,1444,32798,1064
T,256,117,1924,55477,1444,32798,1064
T,257,115,1916,55091,1444,32798,1064
T,258,116,1920,55285,1444,32798,1064
T,259,116,1920,55284,1444,32798,1064
T,260,116,1920,55284,1444,32798,1063
T,261,116,1920,55283,1444,32798,1063
T,262,117,1924,55477,1444,32798,1063
T,263,116,1920,55284,1444,32798,1063
T,264,118,1928,55668,1444,32798,1062
T,265,117,1924,55477,1444,32798,1062
T,266,118,1928,55668,1444,32798,1062
T,267,117,1924,55476,1444,32798,1064
T,268,119,1932,55860,1444,32798,1064
T,269,112,1904,54515,1444,32798,1062
T,270,117,1924,55476,1444,32798,1064
T,271,117,1924,55476,1444,32798,1064
T,272,118,1928,55669,1444,32798,1063
T,273,118,1928,55668,1444,32798,1063
T,274,119,1932,55861,1444,32798,1063
T,275,114,1912,54900,1444,32798,1064
T,276,114,1912,54900,1444,32798,1064
T,277,114,1912,54900,1444,32798,1063
T,278,114,1912,54900,1444,32798,1063
T,279,114,1912,54900,1444,32798,1063
T,280,116,1920,55284,1444,32798,1063
T,281,115,1916,55091,1444,32798,1063
T,282,116,1920,55284,1444,32798,1063
T,283,115,1916,55091,1444,32798,1062
T,284,116,1920,55284,1444,32798,1062
T,285,116,1920,55284,1444,32798,1062
T,286,116,1920,55283,1444,32798,1064
T,287,116,1920,55283,1444,32798,1064
T,288,117,1924,55477,1444,32798,1064
T,289,116,1920,55284,1444,32798,1064
T,290,117,1924,55477,1444,32798,1064
T,291,116,1920,55283,1444,32798,1064
T,292,116,1920,55284,1444,32798,1063
T,293,116,1920,55284,1444,32798,1063
T,294,117,1924,55477,1444,32798,1063
T,295,116,1920,55284,1444,32798,1063
T,296,117,1924,55477,1444,32798,1063
T,297,116,1920,55283,1444,32798,1062
T,298,116,1920,55284,1444,32798,1062
T,299,117,1924,55477,1444,32798,1064
T,300,117,1924,55477,1444,32798,1064
T,301,116,1920,55284,1444,32798,1064
T,302,117,1924,55476,1444,32798,1064
T,303,116,1920,55284,1444,32798,1064
T,304,118,1928,55668,1444,32798,1063
T,305,117,1924,55477,1444,32798,1063
T,306,117,1924,55476,1444,32798,1063
T,307,117,1924,55476,1444,32798,1063
T,308,118,1928,55669,1444,32798,1063
T,309,117,1924,55476,1444,32798,1062
T,310,118,1928,55669,1444,32798,1062
T,311,117,1924,55477,1444,32798,1062
T,312,118,1928,55669,1444,32798,1062
T,313,117,1924,55476,1444,32798,1064
T,314,118,1928,55668,1444,32798,1064
T,315,117,1924,55477,1444,32798,1064
T,316,118,1928,55668,1444,32798,1064
T,317,118,1928,55668,1444,32798,1063
T,318,118,1928,55668,1444,32798,1063
T,319,118,1928,55668,1444,32798,1063
T,320,119,1932,55860,1444,32798,1063
T,321,113,1908,54706,1444,32798,1064
T,322,119,1932,55860,1444,32798,1063
T,323,112,1904,54514,1444,32798,1064
T,324,119,1932,55861,1444,32798,1064
T,325,114,1912,54900,1444,32798,1063
T,326,114,1912,54900,1444,32798,1063
T,327,113,1908,54706,1444,32798,1063
T,328,119,1932,55861,1444,32798,1064
T,329,112,1904,54514,1444,32798,1062
T,330,118,1928,55669,1444,32798,1063
T,331,118,1928,55668,1444,32798,1063
T,332,118,1928,55668,1444,32798,1063
T,333,118,1928,55669,1444,32798,1063
T,334,118,1928,55668,1444,32798,1063
T,335,118,1928,55669,1444,32798,1063
T,336,118,1928,55669,1444,32798,1062
T,337,118,1928,55668,1444,32798,1062
T,338,118,1928,55670,1444,32798,1062
T,339,118,1928,55668,1444,32798,1062
T,340,118,1928,55668,1444,32798,1064
T,341,118,1928,55669,1444,32798,1064
T,342,118,1928,55668,1444,32798,1063
T,343,118,1928,55669,1444,32798,1063
T,344,119,1932,55860,1444,32798,1063
T,345,114,1912,54900,1444,32798,1064
T,346,114,1912,54900,1444,32798,1064
T,347,113,1908,54707,1444,32798,1064
T,348,119,1932,55860,1444,32798,1063
T,349,113,1908,54707,1444,32798,1063
T,350,119,1932,55860,1444,32798,1062
T,351,114,1912,54901,1444,32798,1063
T,352,114,1912,54900,1444,32798,1063
T,353,114,1912,54900,1444,32798,1063
T,354,116,1920,55284,1444,32798,1063
T,355,114,1912,54900,1444,32798,1063
T,356,115,1916,55091,1444,32798,1062
T,357,114,1912,54900,1444,32798,1062
T,358,115,1916,55091,1444,32798,1064
T,359,114,1912,54900,1444,32798,1064
T,360,115,1916,55091,1444,32798,1063
T,361,115,1916,55091,1444,32798,1064
T,362,116,1920,55283,1444,32798,1063
T,363,115,1916,55092,1444,32798,1063
T,364,116,1920,55283,1444,32798,1063
T,365,116,1920,55284,1444,32798,1063
T,366,116,1920,55284,1444,32798,1063
T,367,115,1916,55092,1444,32798,1062
T,368,117,1924,55477,1444,32798,1062
T,369,117,1924,55476,1444,32798,1062
T,370,117,1924,55476,1444,32798,1062
T,371,117,1924,55477,1444,32798,1062
T,372,117,1924,55477,1444,32798,1064
T,373,117,1924,55477,1444,32798,1064
T,374,118,1928,55668,1444,32798,1064
T,375,117,1924,55476,1444,32798,1063
T,376,117,1924,55476,1444,32798,1063
T,377,117,1924,55476,1444,32798,1063
T,378,118,1928,55668,1444,32798,1063
T,379,117,1924,55476,1444,32798,1062
T,380,118,1928,55668,1444,32798,1063
T,381,118,1928,55668,1444,32798,1062
T,382,118,1928,55670,1444,32798,1062
T,383,118,1928,55668,1444,32798,1064
T,384,119,1932,55860,1444,32798,1062
T,385,113,1908,54707,1444,32798,1063
T,386,118,1928,55668,1444,32798,1064
T,387,118,1928,55670,1444,32798,1064
T,388,119,1932,55860,1444,32798,1063
T,389,114,1912,54900,1444,32798,1062
T,390,114,1912,54900,1444,32798,1064
T,391,114,1912,54901,1444,32798,1064
T,392,114,1912,54900,1444,32798,1064
T,393,113,1908,54707,1444,32798,1063
T,394,119,1932,55860,1444,32798,1062
T,395,113,1908,54707,1444,32798,1063
T,396,119,1932,55861,1444,32798,1062
T,397,114,1912,54900,1444,32798,1063
T,398,114,1912,54900,1444,32798,1063
T,399,114,1912,54900,1444,32798,1062
T,400,114,1912,54900,1444,32798,1062
T,401,114,1912,54899,1444,32798,1062
T,402,115,1916,55091,1444,32798,1062
T,403,114,1912,54900,1444,32798,1062
T