=~=~=~=~=~=~=~=~=~=~=~= PuTTY log 2026.08.28 21:18:28 =~=~=~=~=~=~=~=~=~=~=~=
T,38257,119,1932,55874,1444,32798,142
T,38258,119,1932,55873,1444,32798,142
T,38259,119,1932,55873,1444,32798,142
T,38260,119,1932,55873,1444,32798,142
T,38261,119,1932,55873,1444,32798,142
T,38262,119,1932,55872,1444,32798,142
T,38263,120,1936,56063,1444,32798,142
T,38264,120,1936,56063,1444,32798,144
T,38265,119,1932,55870,1444,32798,144
T,38266,120,1936,56067,1444,32798,142
T,38267,119,1932,55875,1444,32798,142
T,38268,121,1940,56259,1444,32798,142
T,38269,119,1932,55874,1444,32798,142
T,38270,120,1936,56066,1444,32798,142
T,38271,120,1936,56067,1444,32798,142
T,38272,120,1936,56065,1444,32798,142
T,38273,119,1932,55873,1444,32798,142
T,38274,120,1936,56065,1444,32798,142
T,38275,119,1932,55873,1444,32798,142
T,38276,120,1936,56064,1444,32798,142
T,38277,119,1932,55871,1444,32798,142
T,38278,120,1936,56062,1444,32798,144
T,38279,120,1936,56065,1444,32798,144
T,38280,120,1936,56066,1444,32798,142
T,38281,119,1932,55874,1444,32798,142
T,38282,120,1936,56067,1444,32798,142
T,38283,121,1940,56258,1444,32798,142
T,38284,121,1940,56257,1444,32798,142
T,38285,120,1936,56067,1444,32798,142
T,38286,122,1944,56449,1444,32798,142
T,38287,121,1940,56257,1444,32798,142
T,38288,121,1940,56257,1444,32798,142
T,38289,121,1940,56257,1444,32798,142
T,38290,122,1944,56450,1444,32798,142
T,38291,121,1940,56256,1444,32798,142
T,38292,121,1940,56262,1444,32798,142
T,38293,121,1940,56259,1444,32798,142
T,38294,121,1940,56261,1444,32798,142
T,38295,120,1936,56067,1444,32798,142
T,38296,121,1940,56259,1444,32798,142
T,38297,121,1940,56257,1444,32798,142
T,38298,122,1944,56450,1444,32798,142
T,38299,122,1944,56449,144T,38375,118,1928,55680,1444,32798,142
T,38376,118,1928,55681,1444,32798,142
T,38377,118,1928,55680,1444,32798,142
T,38378,119,1932,55872,1444,32798,142
T,38379,118,1928,55680,1444,32798,142
T,38380,118,1928,55679,1444,32798,144
T,38381,119,1932,55870,1444,32798,144
T,38382,118,1928,55683,1444,32798,142
T,38383,117,1924,55490,1444,32798,142
T,38384,123,1948,56642,1444,32798,142
T,38385,118,1928,55682,1444,32798,142
T,38386,118,1928,55681,1444,32798,142
T,38387,118,1928,55682,1444,32798,142
T,38388,119,1932,55872,1444,32798,142
T,38389,118,1928,55679,1444,32798,142
T,38390,118,1928,55679,1444,32798,142
T,38391,118,1928,55680,1444,32798,142
T,38392,118,1928,55679,1444,32798,142
T,38393,118,1928,55678,1444,32798,144
T,38394,118,1928,55677,1444,32798,144
T,38395,118,1928,55682,1444,32798,142
T,38396,118,1928,55682,1444,32798,142
T,38397,118,1928,55681,1444,32798,142
T,38398,118,1928,55682,1444,32798,142
T,38399,118,1928,55683,1444,32798,142
T,38400,118,1928,55682,1444,32798,142
T,38401,118,1928,55680,1444,32798,142
T,38402,120,1936,56064,1444,32798,142
T,38403,118,1928,55680,1444,32798,142
T,38404,119,1932,55872,1444,32798,142
T,38405,119,1932,55872,1444,32798,142
T,38406,120,1936,56063,1444,32798,144
T,38407,120,1936,56063,1444,32798,144
T,38408,120,1936,56065,1444,32798,144
T,38409,121,1940,56259,1444,32798,142
T,38410,121,1940,56259,1444,32798,142
T,38411,121,1940,56259,1444,32798,142
T,38412,121,1940,56259,1444,32798,142
T,38413,121,1940,56257,1444,32798,142
T,38414,122,1944,56450,1444,32798,142
T,38415,121,1940,56257,1444,32798,142
T,38416,122,1944,56449,1444,32798,142
T,38417,121,1940,56257,1444,32798,142
T,38418,122,1944,56450,1444,32798,142
T,38419,122,1944,56450,1444,32798,142
T,38420,122,1944,56447,1444,32798,144
T,38421,123,1948,56644,1444,32798,142
T,38422,117,1924,55489,1444,32798,142
T,38423,124,1952,56836,1444,32798,142
T,38424,117,1924,55486,1444,32798,142
T,38425,121,1940,56260,1444,32798,142
T,38426,122,1944,56451,1444,32798,142
T,38427,122,1944,56450,1444,32798,142
T,38428,122,1944,56450,1444,32798,142
T,38429,122,1944,56450,1444,32798,142
T,38430,123,1948,56642,1444,32798,142
T,38431,118,1928,55682,1444,32798,142
T,38432,117,1924,55489,1444,32798,142
T,38433,122,1944,56451,1444,32798,142
T,38434,122,1944,56447,1444,32798,144
T,38435,121,1940,56256,1444,32798,144
T,38436,121,1940,56261,1444,32798,142
T,38437,121,1940,56259,1444,32798,142
T,38438,122,1944,56451,1444,32798,142
T,38439,121,1940,56258,1444,32798,142
T,38440,121,1940,56258,1444,32798,142
T,38441,120,1936,56065,1444,32798,142
T,38442,121,1940,56257,1444,32798,142
T,38443,120,1936,56065,1444,32798,142
T,38444,121,1940,56257,1444,32798,142
T,38445,120,1936,56063,1444,32798,144
T,38446,121,1940,56254,1444,32798,144
T,38447,121,1940,56259,1444,32798,142
T,38448,121,1940,56259,1444,32798,142
T,38449,121,1940,56259,1444,32798,142
T,38450,121,1940,56259,1444,32798,142
T,38451,121,1940,56259,1444,32798,142
T,38452,121,1940,56257,1444,32798,142
T,38453,120,1936,56065,1444,32798,142
T,38454,121,1940,56257,1444,32798,142
T,38455,120,1936,56065,1444,32798,142
T,38456,121,1940,56257,1444,32798,142
T,38457,120,1936,56065,1444,32798,142
T,38458,121,1940,56255,1444,32798,144
T,38459,120,1936,56063,1444,32798,144
T,38460,121,1940,56259,1444,32798,142
T,38461,120,1936,56066,1444,32798,142
T,38462,121,1940,56259,1444,32798,142
T,38463,121,1940,56259,1444,32798,142
T,38464,121,1940,56259,1444,32798,142
T,38465,121,1940,56260,1444,32798,142
T,38466,121,1940,56258,1444,32798,142
T,38467,121,1940,56257,1444,32798,142
T,38468,121,1940,56258,1444,32798,142
T,38469,122,1944,56450,1444,32798,142
T,38470,122,1944,56449,1444,32798,142
T,38471,121,1940,56254,1444,32798,144
T,38472,122,1944,56447,1444,32798,144
T,38473,122,1944,56451,1444,32798,142
T,38474,122,1944,56453,1444,32798,142
T,38475,122,1944,56451,1444,32798,142
T,38476,123,1948,56644,1444,32798,142
T,38477,118,1928,55678,1444,32798,142
T,38478,118,1928,55677,1444,32798,144
T,38479,118,1928,55677,1444,32798,144
T,38480,118,1928,55681,1444,32798,142
T,38481,118,1928,55681,1444,32798,142
T,38482,119,1932,55874,1444,32798,142
T,38483,118,1928,55683,1444,32798,142
T,38484,119,1932,55874,1444,32798,142
T,38485,119,1932,55873,1444,32798,142
T,38486,120,1936,56064,1444,32798,142
T,38487,119,1932,55872,1444,32798,142
T,38488,119,1932,55872,1444,32798,142
T,38489,119,1932,55872,1444,32798,142
T,38490,120,1936,56062,1444,32798,144
T,38491,121,1940,56254,1444,32798,144
T,38492,120,1936,56062,1444,32798,144
T,38493,120,1936,56066,1444,32798,142
T,38494,121,1940,56259,1444,32798,142
T,38495,121,1940,56259,1444,32798,142
T,38496,121,1940,56260,1444,32798,142
T,38497,120,1936,56066,1444,32798,142
T,38498,121,1940,56257,1444,32798,142
T,38499,121,1940,56257,1444,32798,142
T,38500,121,1940,56258,1444,32798,142
T,38501,121,1940,56257,1444,32798,142
T,38502,122,1944,56449,1444,32798,142
T,38503,122,1944,56448,1444,32798,144
T,38504,122,1944,56447,1444,32798,144
T,38505,122,1944,56448,1444,32798,144
T,38506,122,1944,56451,1444,32798,142
T,38507,122,1944,56451,1444,32798,142
T,38508,123,1948,56644,1444,32798,142
T,38509,118,1928,55678,1444,32798,142
T,38510,118,1928,55677,1444,32798,144
T,38511,118,1928,55679,1444,32798,144
T,38512,119,1932,55875,1444,32798,142
T,38513,118,1928,55682,1444,32798,142
T,38514,119,1932,55874,1444,32798,142
T,38515,119,1932,55874,1444,32798,142
T,38516,120,1936,56067,1444,32798,142
T,38517,119,1932,55873,1444,32798,142
T,38518,120,1936,56064,1444,32798,142
T,38519,121,1940,56257,1444,32798,142
T,38520,122,1944,56449,1444,32798,142
T,38521,120,1936,56063,1444,32798,142
T,38522,121,1940,56254,1444,32798,144
T,38523,120,1936,56063,1444,32798,144
T,38524,121,1940,56260,1444,32798,142
T,38525,120,1936,56066,1444,32798,142
T,38526,121,1940,56259,1444,32798,142
T,38527,121,1940,56259,1444,32798,142
T,38528,121,1940,56259,1444,32798,142
T,38529,122,1944,56451,1444,32798,142
T,38530,122,1944,56450,1444,32798,142
T,38531,122,1944,56450,1444,32798,142
T,38532,122,1944,56449,1444,32798,142
T,38533,122,1944,56450,1444,32798,142
T,38534,123,1948,56639,1444,32798,144
T,38535,117,1924,55490,1444,32798,142
T,38536,123,1948,56639,1444,32798,144
T,38537,117,1924,55489,1444,32798,142
T,38538,123,1948,56644,1444,32798,142
T,38539,117,1924,55487,1444,32798,142
T,38540,123,1948,56643,1444,32798,142
T,38541,117,1924,55486,1444,32798,142
T,38542,123,1948,56643,1444,32798,142
T,38543,117,1924,55485,1444,32798,144
T,38544,123,1948,56641,1444,32798,142
T,38545,117,1924,55491,1444,32798,142
T,38546,124,1952,56834,1444,32798,142
T,38547,118,1928,55681,1444,32798,142
T,38548,119,1932,55874,1444,32798,142
T,38549,118,1928,55680,1444,32798,142
T,38550,118,1928,55679,1444,32798,142
T,38551,119,1932,55872,1444,32798,142
T,38552,119,1932,55872,1444,32798,142
T,38553,118,1928,55679,1444,32798,142
T,38554,119,1932,55870,1444,32798,144
T,38555,119,1932,55870,1444,32798,144
T,38556,120,1936,56067,1444,32798,142
T,38557,120,1936,56068,1444,32798,142
T,38558,120,1936,56067,1444,32798,142
T,38559,121,1940,56259,1444,32798,142
T,38560,120,1936,56066,1444,32798,142
T,38561,120,1936,56067,1444,32798,142
T,38562,120,1936,56065,1444,32798,142
T,38563,120,1936,56065,1444,32798,142
T,38564,121,1940,56257,1444,32798,142
T,38565,121,1940,56257,1444,32798,142
T,38566,121,1940,56257,1444,32798,142
T,38567,121,1940,56254,1444,32798,144
T,38568,121,1940,56254,1444,32798,144
T,38569,121,1940,56259,1444,32798,142
T,38570,122,1944,56451,1444,32798,142
T,38571,122,1944,56451,1444,32798,142
T,38572,123,1948,56643,1444,32798,142
T,38573,116,1920,55294,1444,32798,142
T,38574,122,1944,56452,1444,32798,142
T,38575,122,1944,56450,1444,32798,142
T,38576,123,1948,56641,1444,32798,142
T,38577,118,1928,55682,1444,32798,142
T,38578,119,1932,55874,1444,32798,142
T,38579,118,1928,55682,1444,32798,142
T,38580,118,1928,55680,1444,32798,142
T,38581,118,1928,55680,1444,32798,142
T,38582,119,1932,55872,1444,32798,142
T,38583,118,1928,55680,1444,32798,142
T,38584,119,1932,55873,1444,32798,142
T,38585,119,1932,55872,1444,32798,142
T,38586,120,1936,56062,1444,32798,144
T,38587,120,1936,56062,1444,32798,144
T,38588,120,1936,56067,1444,32798,142
T,38589,119,1932,55875,1444,32798,142
T,38590,119,1932,55874,1444,32798,142
T,38591,119,1932,55874,1444,32798,142
T,38592,120,1936,56066,1444,32798,142
T,38593,120,1936,56066,1444,32798,142
T,38594,121,1940,56258,1444,32798,142
T,38595,120,1936,56065,1444,32798,142
T,38596,121,1940,56257,1444,32798,142
T,38597,120,1936,56065,1444,32798,142
T,38598,121,1940,56257,1444,32798,142
T,38599,120,1936,56063,1444,32798,144
T,38600,121,1940,56256,1444,32798,144
T,38601,121,1940,56259,1444,32798,142
T,38602,122,1944,56451,1444,32798,142
T,38603,121,1940,56259,1444,32798,142
T,38604,121,1940,56259,1444,32798,142
T,38605,121,1940,56260,1444,32798,142
T,38606,122,1944,56451,1444,32798,142
T,38607,121,1940,56257,1444,32798,142
T,38608,122,1944,56451,1444,32798,142
T,38609,122,1944,56450,1444,32798,142
T,38610,122,1944,56449,1444,32798,142
T,38611,122,1944,56450,1444,32798,142
T,38612,123,1948,56639,1444,32798,144
T,38613,119,1932,55872,1444,32798,142
T,38614,118,1928,55680,1444,32798,142
T,38615,119,1932,55873,1444,32798,142
T,38616,119,1932,55874,1444,32798,142
T,38617,119,1932,55872,1444,32798,142
T,38618,119,1932,55869,1444,32798,144
T,38619,119,1932,55870,1444,32798,144
T,38620,120,1936,56067,1444,32798,142
T,38621,119,1932,55875,1444,32798,142
T,38622,120,1936,56067,1444,32798,142
T,38623,121,1940,56259,1444,32798,142
T,38624,121,1940,56260,1444,32798,142
T,38625,121,1940,56258,1444,32798,142
T,38626,122,1944,56450,1444,32798,142
T,38627,121,1940,56257,1444,32798,142
T,38628,122,1944,56449,1444,32798,142
T,38629,122,1944,56449,1444,32798,142
T,38630,123,1948,56640,1444,32798,142
T,38631,117,1924,55490,1444,32798,142
T,38632,123,1948,56639,1444,32798,144
T,38633,119,1932,55872,1444,32798,142
T,38634,119,1932,55872,1444,32798,142
T,38635,118,1928,55680,1444,32798,142
T,38636,119,1932,55872,1444,32798,142
T,38637,120,1936,56062,1444,32798,144
T,38638,120,1936,56062,1444,32798,144
T,38639,120,1936,56064,1444,32798,144
T,38640,120,1936,56067,1444,32798,142
T,38641,120,1936,56066,1444,32798,142
T,38642,121,1940,56259,1444,32798,142
T,38643,122,1944,56451,1444,32798,142
T,38644,122,1944,56451,1444,32798,142
T,38645,122,1944,56450,1444,32798,142
T,38646,122,1944,56449,1444,32798,142
T,38647,122,1944,56450,1444,32798,142
T,38648,123,1948,56641,1444,32798,142
T,38649,118,1928,55682,1444,32798,142
T,38650,118,1928,55682,1444,32798,142
T,38651,118,1928,55680,1444,32798,142
T,38652,119,1932,55872,1444,32798,142
T,38653,118,1928,55680,1444,32798,142
T,38654,120,1936,56065,1444,32798,142
T,38655,119,1932,55873,1444,32798,142
T,38656,119,1932,55872,1444,32798,142
T,38657,119,1932,55870,1444,32798,144
T,38658,119,1932,55872,1444,32798,144
T,38659,119,1932,55875,1444,32798,142
T,38660,119,1932,55875,1444,32798,142
T,38661,118,1928,55681,1444,32798,142
T,38662,119,1932,55874,1444,32798,142
T,38663,118,1928,55680,1444,32798,142
T,38664,119,1932,55873,1444,32798,142
T,38665,118,1928,55679,1444,32798,142
T,38666,119,1932,55872,1444,32798,142
T,38667,118,1928,55680,1444,32798,142
T,38668,119,1932,55871,1444,32798,142
T,38669,119,1932,55872,1444,32798,142
T,38670,120,1936,56061,1444,32798,144
T,38671,118,1928,55679,1444,32798,144
T,38672,119,1932,55875,1444,32798,142
T,38673,118,1928,55682,1444,32798,142
T,38674,119,1932,55875,1444,32798,142
T,38675,119,1932,55875,1444,32798,142
T,38676,119,1932,55875,1444,32798,142
T,38677,119,1932,55874,1444,32798,142
T,38678,120,1936,56064,1444,32798,142
T,38679,119,1932,55872,1444,32798,142
T,38680,120,1936,56065,1444,32798,142
T,38681,121,1940,56257,1444,32798,142
T,38682,120,1936,56063,1444,32798,144
T,38683,119,1932,55870,1444,32798,144
T,38684,120,1936,56064,1444,32798,144
T,38685,119,1932,55874,1444,32798,142
T,38686,121,1940,56259,1444,32798,142
T,38687,120,1936,56067,1444,32798,142
T,38688,121,1940,56259,1444,32798,142
T,38689,120,1936,56067,1444,32798,142
T,38690,120,1936,56066,1444,32798,142
T,38691,121,1940,56257,1444,32798,142
T,38692,120,1936,56065,1444,32798,142
T,38693,120,1936,56064,1444,32798,142
T,38694,120,1936,56065,1444,32798,142
T,38695,120,1936,56063,1444,32798,142
T,38696,120,1936,56063,1444,32798,144
T,38697,119,1932,55875,1444,32798,142
T,38698,120,1936,56067,1444,32798,142
T,38699,120,1936,56067,1444,32798,142
T,38700,121,1940,56259,1444,32798,142
T,38701,120,1936,56067,1444,32798,142
T,38702,120,1936,56067,1444,32798,142
T,38703,120,1936,56065,1444,32798,142
T,38704,120,1936,56065,1444,32798,142
T,38705,121,1940,56258,1444,32798,142
T,38706,120,1936,56065,1444,32798,142
T,38707,121,1940,56257,1444,32798,142
T,38708,121,1940,56255,1444,32798,144
T,38709,120,1936,56062,1444,32798,144
T,38710,121,1940,56259,1444,32798,142
T,38711,120,1936,56067,1444,32798,142
T,38712,121,1940,56259,1444,32798,142
T,38713,120,1936,56066,1444,32798,142
T,38714,121,1940,56258,1444,32798,142
T,38715,120,1936,56066,1444,32798,142
T,38716,120,1936,56066,1444,32798,142
T,38717,120,1936,56065,1444,32798,142
T,38718,121,1940,56257,1444,32798,142
T,38719,120,1936,56065,1444,32798,142
T,38720,120,1936,56065,1444,32798,142
T,38721,120,1936,56063,1444,32798,142
T,38722,122,1944,56447,1444,32798,144
T,38723,121,1940,56255,1444,32798,144
T,38724,121,1940,56259,1444,32798,142
T,38725,121,1940,56259,1444,32798,142
T,38726,121,1940,56259,1444,32798,142
T,38727,121,1940,56259,1444,32798,142
T,38728,122,1944,56449,1444,32798,142
T,38729,121,1940,56259,1444,32798,142
T,38730,122,1944,56449,1444,32798,142
T,38731,121,1940,56258,1444,32798,142
T,38732,121,1940,56257,1444,32798,142
T,38733,121,1940,56257,1444,32798,142
T,38734,121,1940,56256,1444,32798,144
T,38735,121,1940,56256,1444,32798,144
T,38736,121,1940,56255,1444,32798,144
T,38737,121,1940,56261,1444,32798,142
T,38738,121,1940,56259,1444,32798,142
T,38739,121,1940,56259,1444,32798,142
T,38740,121,1940,56259,1444,32798,142
T,38741,121,1940,56257,1444,32798,142
T,38742,121,1940,56258,1444,32798,142
T,38743,121,1940,56258,1444,32798,142
T,38744,122,1944,56450,1444,32798,142
T,38745,121,1940,56257,1444,32798,142
T,38746,122,1944,56449,1444,32798,142
T,38747,122,1944,56448,1444,32798,142
T,38748,122,1944,56447,1444,32798,144
T,38749,122,1944,56447,1444,32798,144
T,38750,122,1944,56451,1444,32798,142
T,38751,122,1944,56451,1444,32798,142
T,38752,123,1948,56643,1444,32798,142
T,38753,117,1924,55486,1444,32798,142
T,38754,122,1944,56451,1444,32798,142
T,38755,123,1948,56642,1444,32798,142
T,38756,118,1928,55682,1444,32798,142
T,38757,117,1924,55490,1444,32798,142
T,38758,123,1948,56643,1444,32798,142
T,38759,118,1928,55682,1444,32798,142
T,38760,118,1928,55680,1444,32798,142
T,38761,118,1928,55680,1444,32798,142
T,38762,118,1928,55680,1444,32798,142
T,38763,119,1932,55872,1444,32798,142
T,38764,119,1932,55872,1444,32798,142
T,38765,117,1924,55488,1444,32798,142
T,38766,123,1948,56644,1444,32798,142
T,38767,118,1928,55677,1444,32798,144
T,38768,118,1928,55683,1444,32798,142
T,38769,119,1932,55874,1444,32798,142
T,38770,119,1932,55875,1444,32798,142
T,38771,118,1928,55681,1444,32798,142
T,38772,119,1932,55875,1444,32798,142
T,38773,119,1932,55872,1444,32798,142
T,38774,119,1932,55873,1444,32798,142
T,38775,119,1932,55872,1444,32798,142
T,38776,120,1936,56065,1444,32798,142
T,38777,119,1932,55873,1444,32798,142
T,38778,120,1936,56064,1444,32798,142
T,38779,119,1932,55870,1444,32798,144
T,38780,120,1936,56062,1444,32798,144
T,38781,119,1932,55874,1444,32798,142
T,38782,120,1936,56067,1444,32798,142
T,38783,120,1936,56067,1444,32798,142
T,38784,120,1936,56067,1444,32798,142
T,38785,119,1932,55874,1444,32798,142
T,38786,121,1940,56258,1444,32798,142
T,38787,120,1936,56066,1444,32798,142
T,38788,121,1940,56257,1444,32798,142
T,38789,120,1936,56065,1444,32798,142
T,38790,121,1940,56257,1444,32798,142
T,38791,121,1940,56258,1444,32798,142
T,38792,121,1940,56255,1444,32798,142
T,38793,120,1936,56063,1444,32798,144
T,38794,120,1936,56067,1444,32798,142
T,38795,120,1936,56066,1444,32798,142
T,38796,121,1940,56259,1444,32798,142
T,38797,121,1940,56259,1444,32798,142
T,38798,120,1936,56066,1444,32798,142
T,38799,121,1940,56257,1444,32798,142
T,38800,121,1940,56258,1444,32798,142
T,38801,121,1940,56257,1444,32798,142
T,38802,121,1940,56257,1444,32798,142
T,38803,121,1940,56257,1444,32798,142
T,38804,120,1936,56063,1444,32798,142
T,38805,121,1940,56257,1444,32798,144
T,38806,121,1940,56256,1444,32798,144
T,38807,120,1936,56067,1444,32798,142
T,38808,121,1940,56261,1444,32798,142
T,38809,120,1936,56066,1444,32798,142
T,38810,121,1940,56261,1444,32798,142
T,38811,120,1936,56068,1444,32798,142
T,38812,121,1940,56259,1444,32798,142
T,38813,121,1940,56257,1444,32798,142
T,38814,122,1944,56450,1444,32798,142
T,38815,120,1936,56065,1444,32798,142
T,38816,121,1940,56257,1444,32798,142
T,38817,120,1936,56065,1444,32798,142
T,38818,121,1940,56257,1444,32798,142
T,38819,120,1936,56065,1444,32798,142
T,38820,122,1944,56452,1444,32798,142
T,38821,121,1940,56260,1444,32798,142
T,38822,121,1940,56259,1444,32798,142
T,38823,121,1940,56259,1444,32798,142
T,38824,122,1944,56451,1444,32798,142
T,38825,121,1940,56260,1444,32798,142
T,38826,121,1940,56259,1444,32798,142
