=~=~=~=~=~=~=~=~=~=~=~= PuTTY log 2026.08.28 21:20:35 =~=~=~=~=~=~=~=~=~=~=~=
T,38873,120,1936,56067,1444,32798,142
T,38874,121,1940,56259,1444,32798,142
T,38875,120,1936,56066,1444,32798,142
T,38876,121,1940,56259,1444,32798,142
T,38877,120,1936,56067,1444,32798,142
T,38878,121,1940,56257,1444,32798,142
T,38879,120,1936,56065,1444,32798,142
T,38880,120,1936,56065,1444,32798,142
T,38881,120,1936,56064,1444,32798,142
T,38882,121,1940,56257,1444,32798,142
T,38883,119,1932,55872,1444,32798,142
T,38884,120,1936,56062,1444,32798,144
T,38885,119,1932,55875,1444,32798,142
T,38886,120,1936,56067,1444,32798,142
T,38887,120,1936,56066,1444,32798,142
T,38888,120,1936,56068,1444,32798,142
T,38889,119,1932,55875,1444,32798,142
T,38890,120,1936,56065,1444,32798,142
T,38891,120,1936,56066,1444,32798,142
T,38892,120,1936,56065,1444,32798,142
T,38893,120,1936,56065,1444,32798,142
T,38894,120,1936,56065,1444,32798,142
T,38895,121,1940,56257,1444,32798,142
T,38896,121,1940,56254,1444,32798,144
T,38897,120,1936,56064,1444,32798,144
T,38898,120,1936,56062,1444,32798,144
T,38899,121,1940,56259,1444,32798,142
T,3890T,40298,119,1932,55873,1444,32798,142
T,40299,119,1932,55872,1444,32798,142
T,40300,119,1932,55871,1444,32798,144
T,40301,118,1928,55677,1444,32798,144
T,40302,120,1936,56064,1444,32798,144
T,40303,119,1932,55876,1444,32798,142
T,40304,120,1936,56067,1444,32798,142
T,40305,120,1936,56067,1444,32798,142
T,40306,120,1936,56067,1444,32798,142
T,40307,120,1936,56066,1444,32798,142
T,40308,121,1940,56257,1444,32798,142
T,40309,121,1940,56257,1444,32798,142
T,40310,122,1944,56449,1444,32798,142
T,40311,122,1944,56449,1444,32798,142
T,40312,123,1948,56642,1444,32798,142
T,40313,117,1924,55489,1444,32798,142
T,40314,122,1944,56447,1444,32798,144
T,40315,122,1944,56452,1444,32798,142
T,40316,123,1948,56643,1444,32798,142
T,40317,117,1924,55487,1444,32798,142
T,40318,124,1952,56836,1444,32798,142
T,40319,118,1928,55679,1444,32798,142
T,40320,118,1928,55678,1444,32798,144
T,40321,117,1924,55490,1444,32798,142
T,40322,124,1952,56835,1444,32798,142
T,40323,118,1928,55682,1444,32798,142
T,40324,119,1932,55874,1444,32798,142
T,40325,118,1928,55682,1444,32798,142
T,40326,119,1932,55872,1444,32798,142
T,40327,119,1932,55873,1444,32798,142
T,40328,120,1936,56065,1444,32798,142
T,40329,119,1932,55872,1444,32798,142
T,40330,120,1936,56065,1444,32798,142
T,40331,121,1940,56257,1444,32798,142
T,40332,121,1940,56255,1444,32798,144
T,40333,120,1936,56062,1444,32798,144
T,40334,121,1940,56259,1444,32798,142
T,40335,121,1940,56259,1444,32798,142
T,40336,121,1940,56259,1444,32798,142
T,40337,121,1940,56259,1444,32798,142
T,40338,121,1940,56259,1444,32798,142
T,40339,121,1940,56259,1444,32798,142
T,40340,122,1944,56450,1444,32798,142
T,40341,122,1944,56449,1444,32798,142
T,40342,122,1944,56449,1444,32798,142
T,40343,122,1944,56449,1444,32798,142
T,40344,123,1948,56640,1444,32798,142
T,40345,117,1924,55489,1444,32798,142
T,40346,124,1952,56831,1444,32798,144
T,40347,117,1924,55487,1444,32798,142
T,40348,123,1948,56644,1444,32798,142
T,40349,118,1928,55680,1444,32798,142
T,40350,119,1932,55872,1444,32798,142
T,40351,118,1928,55677,1444,32798,144
T,40352,118,1928,55679,1444,32798,142
T,40353,118,1928,55679,1444,32798,144
T,40354,119,1932,55875,1444,32798,142
T,40355,118,1928,55682,1444,32798,142
T,40356,119,1932,55874,1444,32798,142
T,40357,118,1928,55682,1444,32798,142
T,40358,119,1932,55872,1444,32798,142
T,40359,118,1928,55681,1444,32798,142
T,40360,119,1932,55872,1444,32798,142
T,40361,119,1932,55872,1444,32798,142
T,40362,120,1936,56064,1444,32798,142
T,40363,119,1932,55872,1444,32798,142
T,40364,120,1936,56064,1444,32798,142
T,40365,120,1936,56062,1444,32798,144
T,40366,120,1936,56067,1444,32798,142
T,40367,120,1936,56067,1444,32798,142
T,40368,120,1936,56066,1444,32798,142
T,40369,120,1936,56066,1444,32798,142
T,40370,120,1936,56067,1444,32798,142
T,40371,120,1936,56066,1444,32798,142
T,40372,121,1940,56257,1444,32798,142
T,40373,120,1936,56065,1444,32798,142
T,40374,121,1940,56257,1444,32798,142
T,40375,120,1936,56064,1444,32798,142
T,40376,121,1940,56257,1444,32798,142
T,40377,120,1936,56063,1444,32798,144
T,40378,121,1940,56254,1444,32798,144
T,40379,122,1944,56451,1444,32798,142
T,40380,122,1944,56448,1444,32798,144
T,40381,121,1940,56259,1444,32798,142
T,40382,121,1940,56259,1444,32798,142
T,40383,121,1940,56261,1444,32798,142
T,40384,122,1944,56451,1444,32798,142
T,40385,121,1940,56257,1444,32798,142
T,40386,122,1944,56450,1444,32798,142
T,40387,121,1940,56257,1444,32798,142
T,40388,122,1944,56451,1444,32798,142
T,40389,121,1940,56257,1444,32798,142
T,40390,123,1948,56639,1444,32798,144
T,40391,117,1924,55487,1444,32798,142
T,40392,123,1948,56644,1444,32798,142
T,40393,118,1928,55680,1444,32798,142
T,40394,119,1932,55874,1444,32798,142
T,40395,118,1928,55680,1444,32798,142
T,40396,118,1928,55678,1444,32798,142
T,40397,118,1928,55677,1444,32798,144
T,40398,120,1936,56067,1444,32798,142
T,40399,119,1932,55875,1444,32798,142
T,40400,120,1936,56067,1444,32798,142
T,40401,119,1932,55874,1444,32798,142
T,40402,120,1936,56066,1444,32798,142
T,40403,120,1936,56067,1444,32798,142
T,40404,120,1936,56065,1444,32798,142
T,40405,120,1936,56064,1444,32798,142
T,40406,121,1940,56257,1444,32798,142
T,40407,121,1940,56258,1444,32798,142
T,40408,122,1944,56449,1444,32798,142
T,40409,121,1940,56254,1444,32798,144
T,40410,122,1944,56447,1444,32798,144
T,40411,122,1944,56452,1444,32798,142
T,40412,122,1944,56452,1444,32798,142
T,40413,122,1944,56451,1444,32798,142
T,40414,122,1944,56452,1444,32798,142
T,40415,123,1948,56643,1444,32798,142
T,40416,118,1928,55679,1444,32798,144
T,40417,117,1924,55490,1444,32798,142
T,40418,123,1948,56643,1444,32798,142
T,40419,118,1928,55682,1444,32798,142
T,40420,118,1928,55682,1444,32798,142
T,40421,119,1932,55874,1444,32798,142
T,40422,119,1932,55874,1444,32798,142
T,40423,119,1932,55872,1444,32798,142
T,40424,119,1932,55872,1444,32798,142
T,40425,119,1932,55874,1444,32798,142
T,40426,119,1932,55873,1444,32798,142
T,40427,120,1936,56063,1444,32798,142
T,40428,120,1936,56062,1444,32798,144
T,40429,119,1932,55869,1444,32798,144
T,40430,120,1936,56067,1444,32798,142
T,40431,120,1936,56067,1444,32798,142
T,40432,121,1940,56259,1444,32798,142
T,40433,120,1936,56067,1444,32798,142
T,40434,122,1944,56451,1444,32798,142
T,40435,121,1940,56258,1444,32798,142
T,40436,121,1940,56257,1444,32798,142
T,40437,121,1940,56257,1444,32798,142
T,40438,122,1944,56450,1444,32798,142
T,40439,121,1940,56258,1444,32798,142
T,40440,123,1948,56641,1444,32798,142
T,40441,117,1924,55489,1444,32798,142
T,40442,124,1952,56832,1444,32798,144
T,40443,118,1928,55680,1444,32798,142
T,40444,118,1928,55680,1444,32798,142
T,40445,118,1928,55679,1444,32798,142
T,40446,118,1928,55680,1444,32798,142
T,40447,118,1928,55677,1444,32798,144
T,40448,118,1928,55678,1444,32798,144
T,40449,118,1928,55679,1444,32798,144
T,40450,120,1936,56067,1444,32798,142
T,40451,119,1932,55874,1444,32798,142
T,40452,119,1932,55875,1444,32798,142
T,40453,119,1932,55874,1444,32798,142
T,40454,119,1932,55873,1444,32798,142
T,40455,118,1928,55680,1444,32798,142
T,40456,120,1936,56065,1444,32798,142
T,40457,120,1936,56065,1444,32798,142
T,40458,119,1932,55873,1444,32798,142
T,40459,119,1932,55872,1444,32798,142
T,40460,119,1932,55869,1444,32798,144
T,40461,119,1932,55870,1444,32798,144
T,40462,119,1932,55876,1444,32798,142
T,40463,119,1932,55874,1444,32798,142
T,40464,120,1936,56067,1444,32798,142
T,40465,119,1932,55874,1444,32798,142
T,40466,120,1936,56067,1444,32798,142
T,40467,120,1936,56067,1444,32798,142
T,40468,120,1936,56066,1444,32798,142
T,40469,120,1936,56064,1444,32798,142
T,40470,120,1936,56065,1444,32798,142
T,40471,120,1936,56064,1444,32798,142
T,40472,120,1936,56065,1444,32798,142
T,40473,120,1936,56063,1444,32798,142
T,40474,120,1936,56062,1444,32798,144
T,40475,121,1940,56256,1444,32798,144
T,40476,121,1940,56259,1444,32798,142
T,40477,120,1936,56067,1444,32798,142
T,40478,121,1940,56259,1444,32798,142
T,40479,120,1936,56067,1444,32798,142
T,40480,121,1940,56259,1444,32798,142
T,40481,120,1936,56066,1444,32798,142
T,40482,121,1940,56257,1444,32798,142
T,40483,120,1936,56065,1444,32798,142
T,40484,121,1940,56257,1444,32798,142
T,40485,121,1940,56257,1444,32798,142
T,40486,121,1940,56255,1444,32798,144
T,40487,121,1940,56255,1444,32798,144
T,40488,121,1940,56259,1444,32798,142
T,40489,120,1936,56067,1444,32798,142
T,40490,121,1940,56261,1444,32798,142
T,40491,121,1940,56259,1444,32798,142
T,40492,122,1944,56451,1444,32798,142
T,40493,122,1944,56452,1444,32798,142
T,40494,122,1944,56450,1444,32798,142
T,40495,122,1944,56449,1444,32798,142
T,40496,122,1944,56449,1444,32798,142
T,40497,121,1940,56257,1444,32798,142
T,40498,122,1944,56450,1444,32798,142
T,40499,122,1944,56450,1444,32798,142
T,40500,123,1948,56639,1444,32798,144
T,40501,116,1920,55295,1444,32798,142
T,40502,122,1944,56453,1444,32798,142
T,40503,122,1944,56452,1444,32798,142
T,40504,122,1944,56451,1444,32798,142
T,40505,121,1940,56259,1444,32798,142
T,40506,122,1944,56451,1444,32798,142
T,40507,122,1944,56449,1444,32798,142
T,40508,121,1940,56257,1444,32798,142
T,40509,121,1940,56257,1444,32798,142
T,40510,122,1944,56451,1444,32798,142
T,40511,121,1940,56257,1444,32798,142
T,40512,123,1948,56639,1444,32798,144
T,40513,117,1924,55488,1444,32798,142
T,40514,122,1944,56447,1444,32798,144
T,40515,123,1948,56641,1444,32798,144
T,40516,117,1924,55487,1444,32798,142
T,40517,122,1944,56451,1444,32798,142
T,40518,123,1948,56644,1444,32798,142
T,40519,117,1924,55485,1444,32798,144
T,40520,124,1952,56835,1444,32798,142
T,40521,117,1924,55490,1444,32798,142
T,40522,123,1948,56641,1444,32798,142
T,40523,117,1924,55489,1444,32798,142
T,40524,123,1948,56643,1444,32798,142
T,40525,117,1924,55489,1444,32798,142
T,40526,123,1948,56639,1444,32798,144
T,40527,118,1928,55680,1444,32798,142
T,40528,119,1932,55873,1444,32798,142
T,40529,118,1928,55680,1444,32798,142
T,40530,118,1928,55680,1444,32798,142
T,40531,118,1928,55679,1444,32798,142
T,40532,119,1932,55869,1444,32798,144
T,40533,120,1936,56062,1444,32798,144
T,40534,119,1932,55874,1444,32798,142
T,40535,118,1928,55682,1444,32798,142
T,40536,119,1932,55874,1444,32798,142
T,40537,118,1928,55681,1444,32798,142
T,40538,119,1932,55874,1444,32798,142
T,40539,118,1928,55681,1444,32798,142
T,40540,120,1936,56064,1444,32798,142
T,40541,119,1932,55873,1444,32798,142
T,40542,119,1932,55873,1444,32798,142
T,40543,119,1932,55873,1444,32798,142
T,40544,119,1932,55871,1444,32798,142
T,40545,119,1932,55870,1444,32798,144
T,40546,119,1932,55870,1444,32798,144
T,40547,119,1932,55875,1444,32798,142
T,40548,119,1932,55874,1444,32798,142
T,40549,119,1932,55874,1444,32798,142
T,40550,120,1936,56067,1444,32798,142
T,40551,119,1932,55875,1444,32798,142
T,40552,119,1932,55873,1444,32798,142
T,40553,119,1932,55872,1444,32798,142
T,40554,120,1936,56065,1444,32798,142
T,40555,119,1932,55872,1444,32798,142
T,40556,119,1932,55872,1444,32798,142
T,40557,118,1928,55678,1444,32798,144
T,40558,119,1932,55871,1444,32798,144
T,40559,119,1932,55870,1444,32798,144
T,40560,119,1932,55874,1444,32798,142
T,40561,118,1928,55682,1444,32798,142
T,40562,120,1936,56066,1444,32798,142
T,40563,118,1928,55682,1444,32798,142
T,40564,118,1928,55681,1444,32798,142
T,40565,118,1928,55680,1444,32798,142
T,40566,118,1928,55680,1444,32798,142
T,40567,119,1932,55872,1444,32798,142
T,40568,118,1928,55680,1444,32798,142
T,40569,117,1924,55487,1444,32798,142
T,40570,123,1948,56644,1444,32798,142
T,40571,117,1924,55487,1444,32798,144
T,40572,122,1944,56450,1444,32798,142
T,40573,122,1944,56449,1444,32798,142
T,40574,122,1944,56449,1444,32798,142
T,40575,124,1952,56834,1444,32798,142
T,40576,117,1924,55490,1444,32798,142
T,40577,122,1944,56449,1444,32798,142
T,40578,123,1948,56643,1444,32798,142
T,40579,117,1924,55488,1444,32798,142
T,40580,123,1948,56643,1444,32798,142
T,40581,118,1928,55680,1444,32798,142
T,40582,117,1924,55487,1444,32798,142
T,40583,121,1940,56259,1444,32798,142
T,40584,122,1944,56449,1444,32798,142
T,40585,121,1940,56258,1444,32798,142
T,40586,122,1944,56450,1444,32798,142
T,40587,122,1944,56449,1444,32798,142
T,40588,122,1944,56449,1444,32798,142
T,40589,122,1944,56449,1444,32798,142
T,40590,122,1944,56446,1444,32798,144
T,40591,121,1940,56254,1444,32798,144
T,40592,122,1944,56449,1444,32798,144
T,40593,122,1944,56452,1444,32798,142
T,40594,122,1944,56448,1444,32798,144
T,40595,122,1944,56452,1444,32798,142
T,40596,122,1944,56451,1444,32798,142
T,40597,123,1948,56643,1444,32798,142
T,40598,117,1924,55490,1444,32798,142
T,40599,122,1944,56450,1444,32798,142
T,40600,122,1944,56450,1444,32798,142
T,40601,122,1944,56450,1444,32798,142
T,40602,123,1948,56643,1444,32798,142
T,40603,117,1924,55489,1444,32798,142
T,40604,122,1944,56447,1444,32798,144
T,40605,122,1944,56452,1444,32798,142
T,40606,122,1944,56451,1444,32798,142
T,40607,122,1944,56453,1444,32798,142
T,40608,122,1944,56452,1444,32798,142
T,40609,122,1944,56452,1444,32798,142
T,40610,122,1944,56452,1444,32798,142
T,40611,122,1944,56450,1444,32798,142
T,40612,123,1948,56642,1444,32798,142
T,40613,118,1928,55682,1444,32798,142
T,40614,119,1932,55874,1444,32798,142
T,40615,117,1924,55489,1444,32798,142
T,40616,122,1944,56449,1444,32798,142
T,40617,122,1944,56449,1444,32798,144
T,40618,123,1948,56644,1444,32798,142
T,40619,117,1924,55487,1444,32798,142
T,40620,122,1944,56451,1444,32798,142
T,40621,122,1944,56451,1444,32798,142
T,40622,123,1948,56644,1444,32798,142
T,40623,117,1924,55485,1444,32798,144
T,40624,123,1948,56642,1444,32798,142
T,40625,118,1928,55682,1444,32798,142
T,40626,118,1928,55682,1444,32798,142
T,40627,117,1924,55490,1444,32798,142
T,40628,123,1948,56641,1444,32798,142
T,40629,118,1928,55682,1444,32798,142
T,40630,118,1928,55680,1444,32798,142
T,40631,119,1932,55872,1444,32798,142
T,40632,118,1928,55681,1444,32798,142
T,40633,117,1924,55488,1444,32798,142
T,40634,123,1948,56644,1444,32798,142
T,40635,117,1924,55487,1444,32798,142
T,40636,123,1948,56644,1444,32798,142
T,40637,117,1924,55490,1444,32798,142
T,40638,123,1948,56642,1444,32798,142
T,40639,117,1924,55490,1444,32798,142
T,40640,122,1944,56450,1444,32798,142
T,40641,122,1944,56449,1444,32798,142
T,40642,123,1948,56641,1444,32798,142
T,40643,117,1924,55488,1444,32798,142
T,40644,122,1944,56448,1444,32798,144
T,40645,122,1944,56452,1444,32798,142
T,40646,122,1944,56451,1444,32798,142
T,40647,121,1940,56259,1444,32798,142
T,40648,122,1944,56451,1444,32798,142
T,40649,122,1944,56449,1444,32798,142
T,40650,122,1944,56450,1444,32798,142
T,40651,122,1944,56449,1444,32798,142
T,40652,122,1944,56449,1444,32798,142
T,40653,122,1944,56449,1444,32798,142
T,40654,123,1948,56641,1444,32798,142
T,40655,117,1924,55489,1444,32798,142
T,40656,122,1944,56449,1444,32798,144
T,40657,122,1944,56447,1444,32798,144
T,40658,123,1948,56644,1444,32798,142
T,40659,117,1924,55487,1444,32798,142
T,40660,122,1944,56452,1444,32798,142
T,40661,122,1944,56451,1444,32798,142
T,40662,123,1948,56644,1444,32798,142
T,40663,117,1924,55490,1444,32798,142
T,40664,123,1948,56642,1444,32798,142
T,40665,118,1928,55681,1444,32798,142
T,40666,118,1928,55682,1444,32798,142
T,40667,118,1928,55681,1444,32798,142
T,40668,118,1928,55682,1444,32798,142
T,40669,118,1928,55680,1444,32798,142
T,40670,119,1932,55873,1444,32798,142
T,40671,118,1928,55680,1444,32798,142
T,40672,119,1932,55872,1444,32798,142
T,40673,118,1928,55680,1444,32798,142
T,40674,119,1932,55871,1444,32798,142
T,40675,118,1928,55677,1444,32798,144
T,40676,119,1932,55875,1444,32798,142
T,40677,118,1928,55682,1444,32798,142
T,40678,119,1932,55874,1444,32798,142
T,40679,118,1928,55681,1444,32798,142
T,40680,118,1928,55682,1444,32798,142
T,40681,118,1928,55681,1444,32798,142
T,40682,119,1932,55874,1444,32798,142
T,40683,119,1932,55872,1444,32798,142
T,40684,119,1932,55872,1444,32798,142
T,40685,120,1936,56064,1444,32798,142
T,40686,119,1932,55872,1444,32798,142
T,40687,119,1932,55872,1444,32798,142
T,40688,119,1932,55870,1444,32798,144
T,40689,118,1928,55677,1444,32798,144
T,40690,119,1932,55874,1444,32798,142
T,40691,118,1928,55682,1444,32798,142
T,40692,119,1932,55875,1444,32798,142
T,40693,118,1928,55681,1444,32798,142
T,40694,119,1932,55874,1444,32798,142
T,40695,119,1932,55872,1444,32798,142
T,40696,119,1932,55874,1444,32798,142
T,40697,118,1928,55680,1444,32798,142
T,40698,118,1928,55680,1444,32798,142
T,40699,119,1932,55871,1444,32798,142
T,40700,119,1932,55871,1444,32798,142
T,40701,118,1928,55677,1444,32798,144
T,40702,119,1932,55875,1444,32798,142
T,40703,119,1932,55874,1444,32798,142
T,40704,119,1932,55875,1444,32798,142
T,40705,118,1928,55682,1444,32798,142
T,40706,120,1936,56066,1444,32798,142
T,40707,119,1932,55873,1444,32798,142
T,40708,120,1936,56065,1444,32798,142
T,40709,119,1932,55872,1444,32798,142
T,40710,120,1936,56065,1444,32798,142
T,40711,119,1932,55874,1444,32798,142
T,40712,119,1932,55872,1444,32798,142
T,40713,119,1932,55872,1444,32798,142
T,40714,120,1936,56062,1444,32798,144
T,40715,119,1932,55873,1444,32798,144
T,40716,120,1936,56067,1444,32798,142
T,40717,120,1936,56066,1444,32798,142
T,40718,120,1936,56067,1444,32798,142
T,40719,120,1936,56066,1444,32798,142
T,40720,120,1936,56067,1444,32798,142
T,40721,119,1932,55873,1444,32798,142
T,40722,120,1936,56066,1444,32798,142
T,40723,120,1936,56065,1444,32798,142
T,40724,120,1936,56065,1444,32798,142
T,40725,120,1936,56064,1444,32798,142
T,40726,121,1940,56255,1444,32798,142
T,40727,120,1936,56062,1444,32798,144
T,40728,121,1940,56256,1444,32798,144
T,40729,121,1940,56259,1444,32798,142
T,40730,122,1944,56451,1444,32798,142
T,40731,121,1940,56259,1444,32798,142
T,40732,122,1944,56451,1444,32798,142
T,40733,121,1940,56258,1444,32798,142
T,40734,122,1944,56450,1444,32798,142
T,40735,121,1940,56257,1444,32798,142
T,40736,123,1948,56642,1444,32798,142
T,40737,117,1924,55489,1444,32798,142
T,40738,123,1948,56642,1444,32798,142
T,40739,117,1924,55490,1444,32798,142
T,40740,123,1948,56644,1444,32798,142
T,40741,117,1924,55487,1444,32798,142
T,40742,124,1952,56836,1444,32798,142
T,40743,118,1928,55680,1444,32798,142
T,40744,118,1928,55680,1444,32798,142
T,40745,117,1924,55485,1444,32798,144
T,40746,124,1952,56834,1444,32798,142
T,40747,119,1932,55875,1444,32798,142
T,40748,119,1932,55874,1444,32798,142
T,40749,119,1932,55874,1444,32798,142
T,40750,119,1932,55874,1444,32798,142
T,40751,119,1932,55874,1444,32798,142
T,40752,120,1936,56067,1444,32798,142
T,40753,120,1936,56065,1444,32798,142
T,40754,120,1936,56065,1444,32798,142
T,40755,120,1936,56066,1444,32798,142
T,40756,120,1936,56065,1444,32798,142
T,40757,120,1936,56064,1444,32798,142
T,40758,121,1940,56254,1444,32798,144
T,40759,120,1936,56062,1444,32798,144
T,40760,121,1940,56260,1444,32798,142
T,40761,121,1940,56259,1444,32798,142
T,40762,122,1944,56451,1444,32798,142
T,40763,123,1948,56643,1444,32798,142
T,40764,116,1920,55293,1444,32798,144
T,40765,121,1940,56259,1444,32798,142
T,40766,122,1944,56450,1444,32798,142
T,40767,122,1944,56451,1444,32798,142
T,40768,123,1948,56642,1444,32798,142
T,40769,117,1924,55489,1444,32798,142
T,40770,123,1948,56641,1444,32798,142
T,40771,117,1924,55490,1444,32798,142
T,40772,123,1948,56639,1444,32798,144
T,40773,117,1924,55488,1444,32798,142
T,40774,123,1948,56644,1444,32798,142
T,40775,118,1928,55679,1444,32798,142
T,40776,120,1936,56064,1444,32798,142
T,40777,117,1924,55486,1444,32798,144
T,40778,123,1948,56644,1444,32798,142
T,40779,118,1928,55679,1444,32798,144
T,40780,118,1928,55681,1444,32798,142
T,40781,117,1924,55489,1444,32798,142
T,40782,123,1948,56642,1444,32798,142
T,40783,117,1924,55489,1444,32798,142
T,40784,123,1948,56639,1444,32798,144
T,40785,117,1924,55489,1444,32798,142
T,40786,123,1948,56640,1444,32798,144
T,40787,118,1928,55681,1444,32798,142
T,40788,117,1924,55488,1444,32798,142
T,40789,122,1944,56451,1444,32798,142
T,40790,123,1948,56643,1444,32798,142
T,40791,117,1924,55484,1444,32798,144
T,40792,123,1948,56642,1444,32798,142
T,40793,118,1928,55682,1444,32798,142
T,40794,118,1928,55681,1444,32798,142
T,40795,118,1928,55681,1444,32798,142
T,40796,118,1928,55681,1444,32798,142
T,40797,117,1924,55488,1444,32798,142
T,40798,124,1952,56834,1444,32798,144
T,40799,118,1928,55681,1444,32798,142
T,40800,119,1932,55873,1444,32798,142
T,40801,118,1928,55680,1444,32798,142
T,40802,119,1932,55872,1444,32798,142
T,40803,118,1928,55680,1444,32798,142
T,40804,118,1928,55677,1444,32798,144
T,40805,118,1928,55682,1444,32798,142
T,40806,118,1928,55681,1444,32798,142
T,40807,119,1932,55874,1444,32798,142
T,40808,119,1932,55874,1444,32798,142
T,40809,119,1932,55874,1444,32798,142
T,40810,119,1932,55874,1444,32798,142
T,40811,119,1932,55872,1444,32798,142
T,40812,119,1932,55874,1444,32798,142
T,40813,119,1932,55873,1444,32798,142
T,40814,120,1936,56065,1444,32798,142
T,40815,119,1932,55872,1444,32798,142
T,40816,120,1936,56065,1444,32798,142
T,40817,119,1932,55870,1444,32798,144
T,40818,120,1936,56062,1444,32798,144
T,40819,120,1936,56064,1444,32798,144
T,40820,120,1936,56066,1444,32798,142
T,40821,119,1932,55874,1444,32798,142
T,40822,121,1940,56259,1444,32798,142
T,40823,119,1932,55874,1444,32798,142
T,40824,120,1936,56065,1444,32798,142
T,40825,120,1936,56064,1444,32798,142
T,40826,119,1932,55872,1444,32798,142
T,40827,119,1932,55873,1444,32798,142
T,40828,120,1936,56064,1444,32798,142
T,40829,120,1936,56062,1444,32798,144
T,40830,119,1932,55870,1444,32798,144
T,40831,119,1932,55875,1444,32798,142
T,40832,120,1936,56067,1444,32798,142
T,40833,120,1936,56066,1444,32798,142
T,40834,120,1936,56066,1444,32798,142
T,40835,119,1932,55875,1444,32798,142
T,40836,119,1932,55873,1444,32798,142
T,40837,119,1932,55872,1444,32798,142
T,40838,119,1932,55872,1444,32798,142
T,40839,119,1932,55872,1444,32798,142
T,40840,120,1936,56065,1444,32798,142
T,40841,119,1932,55872,1444,32798,142
T,40842,120,1936,56062,1444,32798,144
T,40843,120,1936,56061,1444,32798,144
T,40844,120,1936,56067,1444,32798,142
T,40845,119,1932,55874,1444,32798,142
T,40846,120,1936,56067,1444,32798,142
T,40847,119,1932,55875,1444,32798,142
T,40848,120,1936,56066,1444,32798,142
T,40849,119,1932,55874,1444,32798,142
T,40850,121,1940,56258,1444,32798,142
T,40851,119,1932,55873,1444,32798,142
T,40852,120,1936,56065,1444,32798,142
T,40853,120,1936,56065,1444,32798,142
T,40854,120,1936,56065,1444,32798,142
T,40855,121,1940,56255,1444,32798,142
T,40856,121,1940,56254,1444,32798,144
T,40857,121,1940,56259,1444,32798,142
T,40858,121,1940,56259,1444,32798,142
T,40859,121,1940,56259,1444,32798,142
T,40860,123,1948,56643,1444,32798,142
T,40861,116,1920,55292,1444,32798,144
T,40862,122,1944,56452,1444,32798,142
T,40863,121,1940,56257,1444,32798,142
T,40864,122,1944,56450,1444,32798,142
T,40865,123,1948,56642,1444,32798,142
T,40866,118,1928,55681,1444,32798,142
T,40867,117,1924,55491,1444,32798,142
T,40868,123,1948,56640,1444,32798,144
T,40869,117,1924,55488,1444,32798,142
T,40870,123,1948,56644,1444,32798,142
T,40871,118,1928,55679,1444,32798,142
T,40872,118,1928,55680,1444,32798,142
T,40873,118,1928,55680,1444,32798,142
T,40874,118,1928,55677,1444,32798,144
T,40875,118,1928,55678,1444,32798,144
T,40876,119,1932,55875,1444,32798,142
T,40877,119,1932,55874,1444,32798,142
T,40878,119,1932,55874,1444,32798,142
T,40879,119,1932,55875,1444,32798,142
T,40880,119,1932,55874,1444,32798,142
T,40881,120,1936,56066,1444,32798,142
T,40882,119,1932,55873,1444,32798,142
T,40883,119,1932,55873,1444,32798,142
T,40884,119,1932,55872,1444,32798,142
T,40885,119,1932,55872,1444,32798,142
T,40886,119,1932,55873,1444,32798,142
T,40887,120,1936,56062,1444,32798,144
T,40888,119,1932,55870,1444,32798,144
T,40889,119,1932,55874,1444,32798,142
T,40890,119,1932,55876,1444,32798,142
T,40891,119,1932,55874,1444,32798,142
T,40892,119,1932,55874,1444,32798,142
T,40893,119,1932,55874,1444,32798,142
T,40894,119,1932,55872,1444,32798,142
T,40895,118,1928,55681,1444,32798,142
T,40896,119,1932,55874,1444,32798,142
T,40897,118,1928,55680,1444,32798,142
T,40898,119,1932,55872,1444,32798,142
T,40899,120,1936,56064,1444,32798,142
T,40900,119,1932,55870,1444,32798,144
T,40901,119,1932,55869,1444,32798,144
T,40902,119,1932,55875,1444,32798,142
T,40903,119,1932,55874,1444,32798,142
T,40904,120,1936,56066,1444,32798,142
T,40905,119,1932,55874,1444,32798,142
T,40906,120,1936,56066,1444,32798,142
T,40907,119,1932,55872,1444,32798,142
T,40908,120,1936,56065,1444,32798,142
T,40909,120,1936,56064,1444,32798,142
T,40910,120,1936,56065,1444,32798,142
T,40911,120,1936,56064,1444,32798,142
T,40912,121,1940,56257,1444,32798,142
T,40913,120,1936,56063,1444,32798,142
T,40914,120,1936,56062,1444,32798,144
T,40915,120,1936,56062,1444,32798,144
T,40916,120,1936,56067,1444,32798,142
T,40917,119,1932,55875,1444,32798,142
T,40918,120,1936,56066,1444,32798,142
T,40919,119,1932,55874,1444,32798,142
T,40920,120,1936,56065,1444,32798,142
T,40921,120,1936,56065,1444,32798,142
T,40922,120,1936,56065,1444,32798,142
T,40923,120,1936,56065,1444,32798,142
T,40924,120,1936,56065,1444,32798,142
T,40925,118,1928,55678,1444,32798,142
T,40926,119,1932,55871,1444,32798,142
T,40927,118,1928,55677,1444,32798,144
T,40928,119,1932,55875,1444,32798,142
T,40929,117,1924,55490,1444,32798,142
T,40930,124,1952,56835,1444,32798,142
T,40931,118,1928,55682,1444,32798,142
T,40932,118,1928,55681,1444,32798,142
T,40933,118,1928,55680,1444,32798,142
T,40934,118,1928,55681,1444,32798,142
T,40935,118,1928,55681,1444,32798,142
T,40936,118,1928,55680,1444,32798,142
T,40937,117,1924,55487,1444,32798,142
T,40938,123,1948,56644,1444,32798,142
T,40939,118,1928,55680,1444,32798,142
T,40940,119,1932,55869,1444,32798,144
T,40941,119,1932,55870,1444,32798,144
T,40942,119,1932,55874,1444,32798,142
T,40943,117,1924,55489,1444,32798,142
T,40944,123,1948,56642,1444,32798,142
T,40945,117,1924,55489,1444,32798,142
T,40946,122,1944,56448,1444,32798,142
T,40947,122,1944,56447,1444,32798,144
T,40948,122,1944,56451,1444,32798,142
T,40949,122,1944,56451,1444,32798,142
T,40950,122,1944,56451,1444,32798,142
T,40951,122,1944,56452,1444,32798,142
T,40952,122,1944,56451,1444,32798,142
T,40953,121,1940,56259,1444,32798,142
T,40954,122,1944,56450,1444,32798,142
T,40955,121,1940,56257,1444,32798,142
T,40956,121,1940,56257,1444,32798,142
T,40957,120,1936,56065,1444,32798,142
T,40958,121,1940,56255,1444,32798,142
T,40959,120,1936,56065,1444,32798,142
T,40960,121,1940,56254,1444,32798,144
T,40961,120,1936,56062,1444,32798,144
T,40962,120,1936,56067,1444,32798,142
T,40963,120,1936,56067,1444,32798,142
T,40964,120,1936,56066,1444,32798,142
T,40965,120,1936,56066,1444,32798,142
T,40966,119,1932,55874,1444,32798,142
T,40967,119,1932,55873,1444,32798,142
T,40968,119,1932,55872,1444,32798,142
T,40969,119,1932,55874,1444,32798,142
T,40970,119,1932,55874,1444,32798,142
T,40971,118,1928,55678,1444,32798,142
T,40972,119,1932,55869,1444,32798,144
T,40973,118,1928,55680,1444,32798,144
T,40974,119,1932,55874,1444,32798,142
T,40975,118,1928,55683,1444,32798,142
T,40976,118,1928,55682,1444,32798,142
T,40977,118,1928,55681,1444,32798,142
T,40978,120,1936,56067,1444,32798,142
T,40979,118,1928,55680,1444,32798,142
T,40980,118,1928,55680,1444,32798,142
T,40981,117,1924,55489,1444,32798,142
T,40982,123,1948,56644,1444,32798,142
T,40983,118,1928,55680,1444,32798,142
T,40984,118,1928,55680,1444,32798,142
T,40985,118,1928,55678,1444,32798,144
T,40986,119,1932,55870,1444,32798,144
T,40987,118,1928,55682,1444,32798,142
T,40988,119,1932,55875,1444,32798,142
T,40989,119,1932,55874,1444,32798,142
T,40990,119,1932,55874,1444,32798,142
T,40991,119,1932,55874,1444,32798,142
T,40992,119,1932,55874,1444,32798,142
T,40993,118,1928,55680,1444,32798,142
T,40994,119,1932,55873,1444,32798,142
T,40995,118,1928,55680,1444,32798,142
T,40996,119,1932,55872,1444,32798,142
T,40997,119,1932,55873,1444,32798,142
T,40998,119,1932,55870,1444,32798,144
T,40999,118,1928,55677,1444,32798,144
T,41000,119,1932,55875,1444,32798,142
T,41001,118,1928,55681,1444,32798,142
T,41002,119,1932,55874,1444,32798,142
T,41003,119,1932,55875,1444,32798,142
T,41004,119,1932,55874,1444,32798,142
T,41005,118,1928,55682,1444,32798,142
T,41006,118,1928,55680,1444,32798,142
T,41007,118,1928,55679,1444,32798,142
T,41008,118,1928,55680,1444,32798,142
T,41009,117,1924,55488,1444,32798,142
T,41010,123,1948,56642,1444,32798,142
T,41011,119,1932,55872,1444,32798,142
T,41012,119,1932,55870,1444,32798,144
T,41013,117,1924,55490,1444,32798,142
T,41014,123,1948,56642,1444,32798,142
T,41015,117,1924,55489,1444,32798,142
T,41016,122,1944,56450,1444,32798,142
T,41017,122,1944,56449,1444,32798,142
T,41018,122,1944,56448,1444,32798,144
T,41019,122,1944,56447,1444,32798,144
T,41020,123,1948,56645,1444,32798,142
T,41021,117,1924,55487,1444,32798,142
T,41022,123,1948,56644,1444,32798,142
T,41023,117,1924,55488,1444,32798,142
T,41024,123,1948,56643,1444,32798,142
T,41025,117,1924,55486,1444,32798,144
T,41026,123,1948,56643,1444,32798,142
T,41027,117,1924,55487,1444,32798,144
T,41028,123,1948,56642,1444,32798,142
T,41029,117,1924,55490,1444,32798,142
T,41030,122,1944,56449,1444,32798,142
T,41031,123,1948,56640,1444,32798,142
T,41032,118,1928,55680,1444,32798,142
T,41033,117,1924,55488,1444,32798,142
T,41034,123,1948,56644,1444,32798,142
T,41035,117,1924,55489,1444,32798,142
T,41036,123,1948,56644,1444,32798,142
T,41037,117,1924,55487,1444,32798,142
T,41038,123,1948,56644,1444,32798,142
T,41039,118,1928,55679,1444,32798,144
T,41040,118,1928,55681,1444,32798,142
T,41041,118,1928,55681,1444,32798,142
T,41042,118,1928,55682,1444,32798,142
T,41043,119,1932,55874,1444,32798,142
T,41044,119,1932,55874,1444,32798,142
T,41045,118,1928,55680,1444,32798,142
T,41046,119,1932,55872,1444,32798,142
T,41047,118,1928,55680,1444,32798,142
T,41048,118,1928,55680,1444,32798,142
T,41049,118,1928,55679,1444,32798,142
T,41050,118,1928,55677,1444,32798,144
T,41051,118,1928,55679,1444,32798,144
T,41052,118,1928,55682,1444,32798,142
T,41053,118,1928,55682,1444,32798,142
T,41054,118,1928,55682,1444,32798,142
T,41055,118,1928,55682,1444,32798,142
T,41056,118,1928,55682,1444,32798,142
T,41057,118,1928,55682,1444,32798,142
T,41058,119,1932,55873,1444,32798,142
T,41059,118,1928,55681,1444,32798,142
T,41060,118,1928,55679,1444,32798,142
T,41061,119,1932,55872,1444,32798,142
T,41062,119,1932,55873,1444,32798,142
T,41063,118,1928,55678,1444,32798,144
T,41064,119,1932,55874,1444,32798,142
T,41065,119,1932,55871,1444,32798,144
T,41066,119,1932,55874,1444,32798,142
T,41067,118,1928,55682,1444,32798,142
T,41068,120,1936,56066,1444,32798,142
T1 PASS: sensor ACK at 0x52
MY_TOF: init OK (8x8 @ 15 Hz, INT/async)
CLK,84000000
H,frame,rd_calls,rd_bytes,rd_us,max_bytes,max_us,uart_us
T,1,4,1472,33734,1444,32797,0
T,2,4,1472,33734,1444,32797,121
T,3,4,1472,33734,1444,32797,125
T,4,4,1472,33734,1444,32797,125
T,5,4,1472,33734,1444,32797,131
T,6,4,1472,33734,1444,32797,131
T,7,4,1472,33734,1444,32797,131
T,8,4,1472,33734,1444,32797,131
T,9,4,1472,33735,1444,32797,131
T,10,4,1472,33734,1444,32797,131
T,11,4,1472,33734,1444,32797,133
T,12,4,1472,33734,1444,32797,133
T,13,4,1472,33734,1444,32797,133
T,14,4,1472,33734,1444,32797,133
T,15,4,1472,33734,1444,32797,133
T,16,4,1472,33734,1444,32797,133
T,17,4,1472,33734,1444,32797,133
T,18,4,1472,33734,1444,32797,133
T,19,4,1472,33734,1444,32797,133
T,20,4,1472,33734,1444,32797,133
T,21,4,1472,33734,1444,32797,133
T,22,4,1472,33734,1444,32797,134
T,23,4,1472,33734,1444,32797,134
T,24,4,1472,33734,1444,32797,133
T,25,4,1472,33735,1444,32797,133
T,26,4,1472,33734,1444,32797,133
T,27,4,1472,33735,1444,32797,133
T,28,4,1472,33734,1444,32797,133
T,29,4,1472,33734,1444,32797,133
T,30,4,1472,33734,1444,32797,133
T,31,4,1472,33734,1444,32797,133
T,32,4,1472,33734,1444,32797,133
T,33,4,1472,33735,1444,32797,133
T,34,4,1472,33734,1444,32797,133
T,35,4,1472,33734,1444,32797,134
T,36,4,1472,33734,1444,32797,134
T,37,4,1472,33734,1444,32797,133
T,38,4,1472,33734,1444,32797,133
T,39,4,1472,33734,1444,32797,133
T,40,4,1472,33734,1444,32797,133
T,41,4,1472,33734,1444,32797,134
T,42,4,1472,33734,1444,32797,133
T,43,4,1472,33734,1444,32797,133
T,44,4,1472,33734,1444,32797,133
T,45,4,1472,33734,1444,32797,133
T,46,4,1472,33734,1444,32797,133
T,47,4,1472,33734,1444,32797,134
T,48,4,1472,33734,1444,32797,134
T,49,4,1472,33734,1444,32797,133
T,50,4,1472,33734,1444,32797,133
T,51,4,1472,33734,1444,32797,133
T,52,4,1472,33734,1444,32797,133
T,53,4,1472,33734,1444,32797,134
T,54,4,1472,33734,1444,32797,134
T,55,4,1472,33734,1444,32797,133
T,56,4,1472,33734,1444,32797,133
T,57,4,1472,33734,1444,32797,133
T,58,4,1472,33735,1444,32797,133
T,59,4,1472,33734,1444,32797,133
T,60,4,1472,33735,1444,32797,133
T,61,4,1472,33734,1444,32797,133
T,62,4,1472,33734,1444,32797,133
T,63,4,1472,33734,1444,32797,133
T,64,4,1472,33734,1444,32797,133
T,65,4,1472,33734,1444,32797,133
T,66,4,1472,33734,1444,32797,133
T,67,4,1472,33734,1444,32797,134
T,68,4,1472,33734,1444,32797,133
T,69,4,1472,33734,1444,32797,133
T,70,4,1472,33734,1444,32797,133
T,71,4,1472,33734,1444,32797,133
T,72,4,1472,33734,1444,32797,133
T,73,4,1472,33734,1444,32797,133
T,74,4,1472,33734,1444,32797,133
T,75,4,1472,33734,1444,32797,133
T,76,4,1472,33734,1444,32797,133
T,77,4,1472,33734,1444,32797,133
T,78,4,1472,33734,1444,32797,133
T,79,4,1472,33735,1444,32797,133
T,80,4,1472,33734,1444,32797,134
T,81,4,1472,33734,1444,32797,134
T,82,4,1472,33734,1444,32797,133
T,83,4,1472,33734,1444,32797,133
T,84,4,1472,33734,1444,32797,133
T,85,4,1472,33734,1444,32797,133
T,86,4,1472,33734,1444,32797,133
T,87,4,1472,33734,1444,32797,133
T,88,4,1472,33734,1444,32797,133
T,89,4,1472,33734,1444,32797,133
T,90,4,1472,33734,1444,32797,133
T,91,4,1472,33734,1444,32797,133
T,92,4,1472,33734,1444,32797,133
T,93,4,1472,33734,1444,32797,134
T,94,4,1472,33734,1444,32797,133
T,95,4,1472,33734,1444,32797,133
T,96,4,1472,33734,1444,32797,133
T,97,4,1472,33734,1444,32797,133
T,98,4,1472,33734,1444,32797,133
T,99,4,1472,33734,1444,32797,134
T,100,4,1472,33735,1444,32797,133
T,101,4,1472,33734,1444,32797,135
T,102,4,1472,33734,1444,32797,136
T,103,4,1472,33734,1444,32797,136
T,104,4,1472,33734,1444,32797,135
T,105,4,1472,33734,1444,32797,135
T,106,4,1472,33734,1444,32797,135
T,107,4,1472,33734,1444,32797,136
T,108,4,1472,33734,1444,32797,135
T,109,4,1472,33735,1444,32797,135
T,110,4,1472,33734,1444,32797,135
T,111,4,1472,33734,1444,32797,135
T,112,4,1472,33735,1444,32797,135
T,113,4,1472,33734,1444,32797,135
T,114,4,1472,33734,1444,32797,135
T,115,4,1472,33734,1444,32797,135
T,116,4,1472,33734,1444,32797,135
T,117,4,1472,33734,1444,32797,135
T,118,4,1472,33734,1444,32797,135
T,119,4,1472,33735,1444,32797,135
T,120,4,1472,33735,1444,32797,136
T,121,4,1472,33734,1444,32797,136
T,122,4,1472,33734,1444,32797,135
T,123,4,1472,33734,1444,32797,135
T,124,4,1472,33734,1444,32797,135
T,125,4,1472,33734,1444,32797,135
T,126,4,1472,33734,1444,32797,135
T,127,4,1472,33734,1444,32797,135
T,128,4,1472,33734,1444,32797,135
T,129,4,1472,33734,1444,32797,135
T,130,4,1472,33734,1444,32797,135
T,131,4,1472,33734,1444,32797,135
T,132,4,1472,33735,1444,32797,135
T,133,4,1472,33734,1444,32797,135
T,134,4,1472,33734,1444,32797,136
T,135,4,1472,33734,1444,32797,135
T,136,4,1472,33734,1444,32797,135
T,137,4,1472,33734,1444,32797,135
T,138,4,1472,33734,1444,32797,135
T,139,4,1472,33734,1444,32797,135
T,140,4,1472,33734,1444,32797,135
T,141,4,1472,33734,1444,32797,135
T,142,4,1472,33734,1444,32797,135
T,143,4,1472,33734,1444,32797,135
T,144,4,1472,33734,1444,32797,135
T,145,4,1472,33734,1444,32797,135
T,146,4,1472,33734,1444,32797,135
T,147,4,1472,33734,1444,32797,135
T,148,4,1472,33734,1444,32797,135
T,149,4,1472,33734,1444,32797,135
T,150,4,1472,33734,1444,32797,135
T,151,4,1472,33734,1444,32797,135
T,152,4,1472,33734,1444,32797,135
T,153,4,1472,33735,1444,32797,136
T,154,4,1472,33735,1444,32797,135
T,155,4,1472,33734,1444,32797,135
T,156,4,1472,33734,1444,32797,135
T,157,4,1472,33734,1444,32797,135
T,158,4,1472,33735,1444,32797,135
T,159,4,1472,33734,1444,32797,135
T,160,4,1472,33734,1444,32797,135
T,161,4,1472,33734,1444,32797,135
T,162,4,1472,33734,1444,32797,135
T,163,4,1472,33734,1444,32797,135
T,164,4,1472,33734,1444,32797,135
T,165,4,1472,33734,1444,32797,136
T,166,4,1472,33734,1444,32797,136
T,167,4,1472,33734,1444,32797,135
T,168,4,1472,33734,1444,32797,135
T,169,4,1472,33734,1444,32797,135
T,170,4,1472,33734,1444,32797,135
T,171,4,1472,33734,1444,32797,135
T,172,4,1472,33735,1444,32797,136
T,173,4,1472,33734,1444,32797,135
T,174,4,1472,33734,1444,32797,135
T,175,4,1472,33734,1444,32797,135
T,176,4,1472,33734,1444,32797,135
T,177,4,1472,33734,1444,32797,135
T,178,4,1472,33734,1444,32797,135
T,179,4,1472,33734,1444,32797,135
T,180,4,1472,33734,1444,32797,135
T,181,4,1472,33734,1444,32797,135
T,182,4,1472,33734,1444,32797,135
T,183,4,1472,33734,1444,32797,135
T,184,4,1472,33734,1444,32797,136
T,185,4,1472,33734,1444,32797,136
T,186,4,1472,33734,1444,32797,136
T,187,4,1472,33734,1444,32797,135
T,188,4,1472,33734,1444,32797,135
T,189,4,1472,33734,1444,32797,135
T,190,4,1472,33734,1444,32797,135
T,191,4,1472,33734,1444,32797,135
T,192,4,1472,33734,1444,32797,135
T,193,4,1472,33735,1444,32797,135
T,194,4,1472,33734,1444,32797,135
T,195,4,1472,33734,1444,32797,135
T,196,4,1472,33734,1444,32797,135
T,197,4,1472,33734,1444,32797,135
T,198,4,1472,33734,1444,32797,136
T,199,4,1472,33734,1444,32797,135
T,200,4,1472,33734,1444,32797,135
T,201,4,1472,33734,1444,32797,135
T,202,4,1472,33734,1444,32797,135
T,203,4,1472,33734,1444,32797,135
T,204,4,1472,33734,1444,32797,135
T,205,4,1472,33734,1444,32797,135
T,206,4,1472,33735,1444,32797,135
T,207,4,1472,33735,1444,32797,135
T,208,4,1472,33734,1444,32797,135
T,209,4,1472,33735,1444,32797,135
T,210,4,1472,33734,1444,32797,135
T,211,4,1472,33734,1444,32797,135
T,212,4,1472,33735,1444,32797,135
T,213,4,1472,33734,1444,32797,135
T,214,4,1472,33734,1444,32797,135
T,215,4,1472,33734,1444,32797,135
T,216,4,1472,33734,1444,32797,135
T,217,4,1472,33734,1444,32797,136
T,218,4,1472,33734,1444,32797,135
T,219,4,1472,33734,1444,32797,135
T,220,4,1472,33734,1444,32797,135
T,221,4,1472,33734,1444,32797,135
T,222,4,1472,33734,1444,32797,135
T,223,4,1472,33735,1444,32797,135
T,224,4,1472,33734,1444,32797,135
T,225,4,1472,33734,1444,32797,135
T,226,4,1472,33734,1444,32797,135
T,227,4,1472,33734,1444,32797,135
T,228,4,1472,33734,1444,32797,135
T,229,4,1472,33734,1444,32797,135
T,230,4,1472,33734,1444,32797,136
T,231,4,1472,33734,1444,32797,136
T,232,4,1472,33734,1444,32797,135
T,233,4,1472,33734,1444,32797,135
T,234,4,1472,33735,1444,32797,135
T,235,4,1472,33734,1444,32797,135
T,236,4,1472,33734,1444,32797,135
T,237,4,1472,33734,1444,32797,135
T,238,4,1472,33734,1444,32797,135
T,239,4,1472,33735,1444,32797,135
T,240,4,1472,33734,1444,32797,135
T,241,4,1472,33735,1444,32797,135
T,242,4,1472,33734,1444,32797,135
T,243,4,1472,33734,1444,32797,135
T,244,4,1472,33734,1444,32797,135
T,245,4,1472,33734,1444,32797,135
T,246,4,1472,33734,1444,32797,135
T,247,4,1472,33734,1444,32797,135
T,248,4,1472,33734,1444,32797,135
T,249,4,1472,33735,1444,32797,135
T,250,4,1472,33734,1444,32797,135
T,251,4,1472,33734,1444,32797,135
T,252,4,1472,33735,1444,32797,135
T,253,4,1472,33734,1444,32797,135
T,254,4,1472,33734,1444,32797,135
T,255,4,1472,33734,1444,32797,135
T,256,4,1472,33735,1444,32797,135
T,257,4,1472,33734,1444,32797,135
T,258,4,1472,33734,1444,32797,135
T,259,4,1472,33734,1444,32797,135
T,260,4,1472,33734,1444,32797,135
T,261,4,1472,33734,1444,32797,135
T,262,4,1472,33734,1444,32797,136
T,263,4,1472,33734,1444,32797,136
T,264,4,1472,33734,1444,32797,135
T,265,4,1472,33734,1444,32797,135
T,266,4,1472,33734,1444,32797,135
T,267,4,1472,33734,1444,32797,135
T,268,4,1472,33734,1444,32797,135
T,269,4,1472,33734,1444,32797,135
T,270,4,1472,33734,1444,32797,135
T,271,4,1472,33734,1444,32797,135
T,272,4,1472,33734,1444,32797,135
T,273,4,1472,33734,1444,32797,135
T,274,4,1472,33734,1444,32797,135
T,275,4,1472,33734,1444,32797,135
T,276,4,1472,33734,1444,32797,136
T,277,4,1472,33734,1444,32797,135
T,278,4,1472,33734,1444,32797,135
T,279,4,1472,33734,1444,32797,135
T,280,4,1472,33734,1444,32797,135
T,281,4,1472,33734,1444,32797,135
T,282,4,1472,33735,1444,32797,135
T,283,4,1472,33734,1444,32797,135
T,284,4,1472,33735,1444,32797,135
T,285,4,1472,33734,1444,32797,135
T,286,4,1472,33734,1444,32797,135
T,287,4,1472,33734,1444,32797,135
T,288,4,1472,33734,1444,32797,136
T,289,4,1472,33734,1444,32797,136
T,290,4,1472,33734,1444,32797,135
T,291,4,1472,33734,1444,32797,135
T,292,4,1472,33735,1444,32797,135
T,293,4,1472,33734,1444,32797,135
T,294,4,1472,33734,1444,32797,135
T,295,4,1472,33734,1444,32797,135
T,296,4,1472,33734,1444,32797,135
T,297,4,1472,33734,1444,32797,135
T,298,4,1472,33734,1444,32797,135
T,299,4,1472,33734,1444,32797,135
T,300,4,1472,33734,1444,32797,136
T,301,4,1472,33734,1444,32797,136
T,302,4,1472,33734,1444,32797,135
T,303,4,1472,33734,1444,32797,135
T,304,4,1472,33734,1444,32797,135
T,305,4,1472,33734,1444,32797,135
T,306,4,1472,33734,1444,32797,135
T,307,4,1472,33735,1444,32797,135
T,308,4,1472,33734,1444,32797,135
T,309,4,1472,33734,1444,32797,135
T,310,4,1472,33734,1444,32797,135
T,311,4,1472,33734,1444,32797,135
T,312,4,1472,33735,1444,32797,135
T,313,4,1472,33734,1444,32797,135
T,314,4,1472,33734,1444,32797,136
T,315,4,1472,33734,1444,32797,135
T,316,4,1472,33734,1444,32797,135
T,317,4,1472,33734,1444,32797,135
T,318,4,1472,33734,1444,32797,135
T,319,4,1472,33735,1444,32797,135
T,320,4,1472,33734,1444,32797,136
T,321,4,1472,33734,1444,32797,136
T,322,4,1472,33735,1444,32797,135
T,323,4,1472,33734,1444,32797,135
T,324,4,1472,33734,1444,32797,135
T,325,4,1472,33734,1444,32797,135
T,326,4,1472,33734,1444,32797,135
T,327,4,1472,33735,1444,32797,135
T,328,4,1472,33734,1444,32797,135
T,329,4,1472,33734,1444,32797,135
T,330,4,1472,33735,1444,32797,135
T,331,4,1472,33734,1444,32797,135
T,332,4,1472,33734,1444,32797,135
T,333,4,1472,33734,1444,32797,136
T,334,4,1472,33734,1444,32797,135
T,335,4,1472,33734,1444,32797,135
T,336,4,1472,33735,1444,32797,135
T,337,4,1472,33735,1444,32797,135
T,338,4,1472,33734,1444,32797,135
T,339,4,1472,33735,1444,32797,135
T,340,4,1472,33734,1444,32797,135
T,341,4,1472,33734,1444,32797,135
T,342,4,1472,33734,1444,32797,135
T,343,4,1472,33734,1444,32797,135
T,344,4,1472,33734,1444,32797,135
T,345,4,1472,33734,1444,32797,136
T,346,4,1472,33734,1444,32797,136
T,347,4,1472,33734,1444,32797,136
T,348,4,1472,33734,1444,32797,135
T,349,4,1472,33734,1444,32797,135
T,350,4,1472,33734,1444,32797,135
T,351,4,1472,33734,1444,32797,135
T,352,4,1472,33734,1444,32797,135
T,353,4,1472,33734,1444,32797,135
T,354,4,1472,33734,1444,32797,135
T,355,4,1472,33734,1444,32797,135
T,356,4,1472,33734,1444,32797,135
T,357,4,1472,33734,1444,32797,135
T,358,4,1472,33734,1444,32797,136
T,359,4,1472,33734,1444,32797,136
T,360,4,1472,33734,1444,32797,135
T,361,4,1472,33734,1444,32797,135
T,362,4,1472,33734,1444,32797,135
T,363,4,1472,33734,1444,32797,135
T,364,4,1472,33734,1444,32797,135
T,365,4,1472,33734,1444,32797,135
T,366,4,1472,33734,1444,32797,135
T,367,4,1472,33734,1444,32797,135
T,368,4,1472,33734,1444,32797,135
T,369,4,1472,33734,1444,32797,135
T,370,4,1472,33734,1444,32797,135
T,371,4,1472,33734,1444,32797,135
T,372,4,1472,33734,1444,32797,136
T,373,4,1472,33734,1444,32797,135
T,374,4,1472,33734,1444,32797,135
T,375,4,1472,33735,1444,32797,135
T,376,4,1472,33734,1444,32797,135
T,377,4,1472,33734,1444,32797,135
T,378,4,1472,33735,1444,32797,135
T,379,4,1472,33734,1444,32797,135
T,380,4,1472,33734,1444,32797,135
T,381,4,1472,33735,1444,32797,135
T,382,4,1472,33734,1444,32797,135
T,383,4,1472,33734,1444,32797,135
T,384,4,1472,33734,1444,32797,136
T,385,4,1472,33734,1444,32797,136
T,386,4,1472,33734,1444,32797,136
T,387,4,1472,33734,1444,32797,136
T,388,4,1472,33735,1444,32797,135
T,389,4,1472,33735,1444,32797,135
T,390,4,1472,33734,1444,32797,135
T,391,4,1472,33734,1444,32797,135
T,392,4,1472,33734,1444,32797,135
T,393,4,1472,33734,1444,32797,135
T,394,4,1472,33734,1444,32797,135
T,395,4,1472,33734,1444,32797,135
T,396,4,1472,33735,1444,32797,135
T,397,4,1472,33734,1444,32797,136
T,398,4,1472,33734,1444,32797,136
T,399,4,1472,33734,1444,32797,135
T,400,4,1472,33735,1444,32797,135
T,401,4,1472,33734,1444,32797,135
T,402,4,1472,33734,1444,32797,135
T,403,4,1472,33734,1444,32797,135
T,404,4,1472,33734,1444,32797,135
T,405,4,1472,33734,1444,32797,135
T,406,4,1472,33734,1444,32797,135
T,407,4,1472,33734,1444,32797,135
T,408,4,1472,33734,1444,32797,135
T,409,4,1472,33735,1444,32797,135
T,410,4,1472,33734,1444,32797,135
T,411,4,1472,33734,1444,32797,135
T,412,4,1472,33734,1444,32797,135
T,413,4,1472,33734,1444,32797,135
T,414,4,1472,33734,1444,32797,135
T,415,4,1472,33734,1444,32797,135
T,416,4,1472,33734,1444,32797,135
T,417,4,1472,33734,1444,32797,135
T,418,4,1472,33734,1444,32797,135
T,419,4,1472,33734,1444,32797,136
T,420,4,1472,33734,1444,32797,135
T,421,4,1472,33734,1444,32797,135
T,422,4,1472,33734,1444,32797,135
T,423,4,1472,33734,1444,32797,135
T,424,4,1472,33734,1444,32797,135
T,425,4,1472,33734,1444,32797,135
T,426,4,1472,33734,1444,32797,135
T,427,4,1472,33734,1444,32797,135
T,428,4,1472,33734,1444,32797,135
T,429,4,1472,33734,1444,32797,135
T,430,4,1472,33734,1444,32797,136
T,431,4,1472,33734,1444,32797,135
T,432,4,1472,33734,1444,32797,135
T,433,4,1472,33734,1444,32797,135
T,434,4,1472,33734,1444,32797,135
T,435,4,1472,33735,1444,32797,135
T,436,4,1472,33734,1444,32797,135
T,437,4,1472,33734,1444,32797,135
T,438,4,1472,33734,1444,32797,135
T,439,4,1472,33734,1444,32797,135
T,440,4,1472,33734,1444,32797,135
T,441,4,1472,33734,1444,32797,135
T,442,4,1472,33734,1444,32797,135
T,443,4,1472,33734,1444,32797,136
T,444,4,1472,33734,1444,32797,136
T,445,4,1472,33734,1444,32797,136
T,446,4,1472,33734,1444,32797,135
T,447,4,1472,33734,1444,32797,135
T,448,4,1472,33734,1444,32797,135
T,449,4,1472,33735,1444,32797,135
T,450,4,1472,33734,1444,32797,135
T,451,4,1472,33734,1444,32797,135
T